[2026-09-21T03:41:06Z] === ENRICH ITERATION 1 START | repo=fastapi/fastapi sha=12ea7be0 ===
[2026-09-21T03:41:06Z] [iter=1] PHASE START: enrich repo=fastapi/fastapi sha=12ea7be0 runlog=/home/runner/work/forx/forx/storage/aggregate/lsp/logs/12ea7be0-enrich-iter-001.log output=/home/runner/work/forx/forx/storage/aggregate/lsp/12ea7be0bed9dc13a4dd859a7c96970355140333.nq.gz
[2026-09-21T03:41:26Z] [iter=1] Step 1: Loading AST into disk-backed store mem_mb=79 MB
[2026-09-21T03:42:05Z] [iter=1] AST store loaded triples=4351089 load_secs=37 mem_mb=1026 MB
[2026-09-21T03:42:05Z] [iter=1] Step 2: Finding LSP targets mem_mb=1026 MB
[2026-09-21T03:42:08Z] [iter=1] LSP targets found call_sites=15451 imports=0 extends=0 implements=0 secs=3
[2026-09-21T03:42:10Z] [iter=1] Step 2.7: Building position index (one-shot, shared across resolvers) mem_mb=1026 MB
[2026-09-21T03:42:37Z] [iter=1] Position index built positions=303697 nodes_with_types=403924 secs=28 mem_mb=1026 MB
[2026-09-21T03:42:37Z] [iter=1] Step 3: Starting LSP resolution mem_mb=1026 MB already_completed_types=[] already_completed_files=0
[2026-09-21T03:42:37Z] [iter=1] Resolving target type target_type=call_site count=15451
[2026-09-21T03:42:38Z] [iter=1] HEARTBEAT target_type=call_site elapsed_min=1.5 files_done=0 resolved=0 errors=0 current=tests/test_request_params/test_file/test_optional.py
[2026-09-21T03:43:32Z] [iter=1] HEARTBEAT target_type=call_site elapsed_min=2.4 files_done=1 resolved=4 errors=29 current=tests/test_tutorial/test_request_files/test_tutorial001_02.py
[2026-09-21T03:45:26Z] [iter=1] HEARTBEAT target_type=call_site elapsed_min=4.3 files_done=3 resolved=15 errors=92 current=tests/test_request_params/test_body/test_optional_str.py
[2026-09-21T03:46:12Z] [iter=1] HEARTBEAT target_type=call_site elapsed_min=5.1 files_done=4 resolved=18 errors=117 current=tests/test_request_params/test_cookie/test_required_str.py
[2026-09-21T03:46:50Z] [iter=1] HEARTBEAT target_type=call_site elapsed_min=5.7 files_done=5 resolved=21 errors=138 current=fastapi/routing.py
[2026-09-21T03:51:31Z] [iter=1] HEARTBEAT target_type=call_site elapsed_min=10.4 files_done=6 resolved=336 errors=292 current=tests/test_tutorial/test_dependencies/test_tutorial002_tutorial003_tutorial004.py
[2026-09-21T03:52:35Z] [iter=1] HEARTBEAT target_type=call_site elapsed_min=11.5 files_done=9 resolved=349 errors=327 current=tests/test_response_model_data_filter_no_inheritance.py
[2026-09-21T03:53:45Z] [iter=1] HEARTBEAT target_type=call_site elapsed_min=12.6 files_done=12 resolved=353 errors=365 current=tests/test_tutorial/test_server_sent_events/test_tutorial002.py
[2026-09-21T03:54:34Z] [iter=1] HEARTBEAT target_type=call_site elapsed_min=13.5 files_done=16 resolved=364 errors=392 current=docs_src/graphql_/tutorial001_py310.py
[2026-09-21T03:57:39Z] [iter=1] HEARTBEAT target_type=call_site elapsed_min=16.5 files_done=19 resolved=531 errors=493 current=tests/test_query.py
[2026-09-21T03:58:36Z] [iter=1] HEARTBEAT target_type=call_site elapsed_min=17.5 files_done=22 resolved=535 errors=525 current=tests/test_tutorial/test_security/test_tutorial006.py
[2026-09-21T03:59:29Z] [iter=1] HEARTBEAT target_type=call_site elapsed_min=18.4 files_done=24 resolved=541 errors=554 current=docs_src/sql_databases/tutorial002_py310.py
[2026-09-21T04:00:01Z] [iter=1] HEARTBEAT target_type=call_site elapsed_min=18.9 files_done=25 resolved=541 errors=571 current=scripts/translate.py
[2026-09-21T04:00:54Z] [iter=1] HEARTBEAT target_type=call_site elapsed_min=19.8 files_done=26 resolved=739 errors=597 current=tests/test_dependency_overrides.py
[2026-09-21T04:02:04Z] [iter=1] HEARTBEAT target_type=call_site elapsed_min=21.0 files_done=28 resolved=739 errors=636 current=tests/test_request_params/test_header/test_optional_list.py
[2026-09-21T04:02:42Z] [iter=1] HEARTBEAT target_type=call_site elapsed_min=21.6 files_done=29 resolved=742 errors=657 current=docs_src/custom_response/tutorial006_py310.py
[2026-09-21T04:04:02Z] [iter=1] HEARTBEAT target_type=call_site elapsed_min=22.9 files_done=31 resolved=748 errors=701 current=docs_src/security/tutorial005_an_py310.py
[2026-09-21T04:04:47Z] [iter=1] HEARTBEAT target_type=call_site elapsed_min=23.7 files_done=32 resolved=752 errors=726 current=tests/test_tutorial/test_body_multiple_params/test_tutorial002.py
[2026-09-21T04:06:00Z] [iter=1] HEARTBEAT target_type=call_site elapsed_min=24.9 files_done=37 resolved=797 errors=766 current=tests/test_tutorial/test_custom_response/test_tutorial001b.py
[2026-09-21T04:06:31Z] [iter=1] HEARTBEAT target_type=call_site elapsed_min=25.4 files_done=40 resolved=804 errors=783 current=tests/test_openapi_cache_root_path.py
[2026-09-21T04:08:51Z] [iter=1] HEARTBEAT target_type=call_site elapsed_min=27.8 files_done=42 resolved=812 errors=861 current=tests/test_stringified_annotations_simple.py
[2026-09-21T04:09:23Z] [iter=1] HEARTBEAT target_type=call_site elapsed_min=28.3 files_done=44 resolved=812 errors=878 current=fastapi/_compat/v2.py
[2026-09-21T04:10:17Z] [iter=1] HEARTBEAT target_type=call_site elapsed_min=29.2 files_done=45 resolved=860 errors=905 current=tests/test_tutorial/test_security/test_tutorial001.py
[2026-09-21T04:11:00Z] [iter=1] HEARTBEAT target_type=call_site elapsed_min=29.9 files_done=49 resolved=865 errors=929 current=tests/test_tutorial/test_query_params_str_validations/test_tutorial014.py
[2026-09-21T04:12:01Z] [iter=1] HEARTBEAT target_type=call_site elapsed_min=30.9 files_done=52 resolved=924 errors=963 current=tests/test_tutorial/test_additional_responses/test_tutorial002.py
[2026-09-21T04:13:00Z] [iter=1] HEARTBEAT target_type=call_site elapsed_min=31.9 files_done=56 resolved=937 errors=995 current=tests/test_tutorial/test_authentication_error_status_code/test_tutorial001.py
[2026-09-21T04:13:43Z] [iter=1] HEARTBEAT target_type=call_site elapsed_min=32.6 files_done=59 resolved=962 errors=1019 current=tests/test_custom_route_class.py
[2026-09-21T04:14:15Z] [iter=1] HEARTBEAT target_type=call_site elapsed_min=33.2 files_done=61 resolved=967 errors=1037 current=tests/test_dependency_after_yield_raise.py
[2026-09-21T04:15:38Z] [iter=1] HEARTBEAT target_type=call_site elapsed_min=34.5 files_done=65 resolved=970 errors=1083 current=tests/test_tutorial/test_query_params_str_validations/test_tutorial010.py
[2026-09-21T04:17:06Z] [iter=1] HEARTBEAT target_type=call_site elapsed_min=36.0 files_done=71 resolved=1180 errors=1131 current=tests/test_tutorial/test_body/test_tutorial002.py
[2026-09-21T04:17:44Z] [iter=1] HEARTBEAT target_type=call_site elapsed_min=36.6 files_done=73 resolved=1184 errors=1152 current=tests/test_dependency_yield_scope_websockets.py
[2026-09-21T04:18:19Z] [iter=1] HEARTBEAT target_type=call_site elapsed_min=37.2 files_done=74 resolved=1185 errors=1171 current=tests/test_tutorial/test_cookie_param_models/test_tutorial001.py
[2026-09-21T04:18:52Z] [iter=1] HEARTBEAT target_type=call_site elapsed_min=37.8 files_done=78 resolved=1200 errors=1189 current=tests/test_deprecated_openapi_prefix.py
[2026-09-21T04:20:12Z] [iter=1] HEARTBEAT target_type=call_site elapsed_min=39.1 files_done=80 resolved=1280 errors=1233 current=tests/test_path.py
[2026-09-21T04:20:49Z] [iter=1] HEARTBEAT target_type=call_site elapsed_min=39.7 files_done=82 resolved=1512 errors=1252 current=docs_src/json_base64_bytes/tutorial001_py310.py
[2026-09-21T04:22:15Z] [iter=1] HEARTBEAT target_type=call_site elapsed_min=41.2 files_done=85 resolved=1516 errors=1299 current=tests/test_annotated.py
[2026-09-21T04:22:46Z] [iter=1] HEARTBEAT target_type=call_site elapsed_min=41.7 files_done=86 resolved=1518 errors=1316 current=docs_src/pydantic_v1_in_v2/tutorial004_an_py310.py
[2026-09-21T04:23:37Z] [iter=1] HEARTBEAT target_type=call_site elapsed_min=42.5 files_done=88 resolved=1521 errors=1343 current=tests/test_tutorial/test_header_param_models/test_tutorial003.py
[2026-09-21T04:24:12Z] [iter=1] HEARTBEAT target_type=call_site elapsed_min=43.1 files_done=92 resolved=1524 errors=1362 current=tests/test_openapi_schema_type.py
[2026-09-21T04:25:02Z] [iter=1] HEARTBEAT target_type=call_site elapsed_min=43.9 files_done=94 resolved=1525 errors=1389 current=tests/test_filter_pydantic_sub_model_pv2.py
[2026-09-21T04:26:10Z] [iter=1] HEARTBEAT target_type=call_site elapsed_min=45.1 files_done=100 resolved=1586 errors=1426 current=tests/test_tutorial/test_path_operation_configurations/test_tutorial002.py
[2026-09-21T04:26:56Z] [iter=1] HEARTBEAT target_type=call_site elapsed_min=45.8 files_done=102 resolved=1590 errors=1451 current=scripts/people.py
[2026-09-21T04:28:05Z] [iter=1] HEARTBEAT target_type=call_site elapsed_min=47.0 files_done=105 resolved=1655 errors=1488 current=fastapi/applications.py
[2026-09-21T04:29:51Z] [iter=1] HEARTBEAT target_type=call_site elapsed_min=48.8 files_done=106 resolved=1913 errors=1545 current=docs_src/server_sent_events/tutorial005_py310.py
[2026-09-21T04:30:23Z] [iter=1] HEARTBEAT target_type=call_site elapsed_min=49.3 files_done=113 resolved=1927 errors=1562 current=tests/test_dependency_contextmanager.py
[2026-09-21T04:32:05Z] [iter=1] HEARTBEAT target_type=call_site elapsed_min=51.0 files_done=114 resolved=1940 errors=1619 current=tests/test_list_bytes_file_order_preserved_issue_14811.py
[2026-09-21T04:32:37Z] [iter=1] HEARTBEAT target_type=call_site elapsed_min=51.5 files_done=117 resolved=1974 errors=1637 current=docs_src/dependencies/tutorial011_an_py310.py
[2026-09-21T04:33:22Z] [iter=1] HEARTBEAT target_type=call_site elapsed_min=52.3 files_done=119 resolved=1977 errors=1662 current=tests/test_route_scope.py
[2026-09-21T04:35:47Z] [iter=1] HEARTBEAT target_type=call_site elapsed_min=54.7 files_done=124 resolved=2004 errors=1743 current=tests/test_validate_response_dataclass.py
[2026-09-21T04:36:22Z] [iter=1] HEARTBEAT target_type=call_site elapsed_min=55.3 files_done=129 resolved=2006 errors=1762 current=fastapi/param_functions.py
[2026-09-21T04:37:47Z] [iter=1] HEARTBEAT target_type=call_site elapsed_min=56.7 files_done=131 resolved=2240 errors=1809 current=fastapi/exception_handlers.py
[2026-09-21T04:39:49Z] [iter=1] HEARTBEAT target_type=call_site elapsed_min=58.7 files_done=133 resolved=2244 errors=1877 current=tests/test_tutorial/test_response_directly/test_tutorial002.py
[2026-09-21T04:41:05Z] [iter=1] HEARTBEAT target_type=call_site elapsed_min=60.0 files_done=140 resolved=2271 errors=1919 current=docs_src/websockets_/tutorial003_py310.py
[2026-09-21T04:41:54Z] [iter=1] HEARTBEAT target_type=call_site elapsed_min=60.8 files_done=144 resolved=2276 errors=1946 current=tests/test_tutorial/test_body_updates/test_tutorial001.py
[2026-09-21T04:43:14Z] [iter=1] HEARTBEAT target_type=call_site elapsed_min=62.1 files_done=147 resolved=2278 errors=1991 current=docs_src/handling_errors/tutorial004_py310.py
[2026-09-21T04:43:45Z] [iter=1] HEARTBEAT target_type=call_site elapsed_min=62.7 files_done=150 resolved=2283 errors=2008 current=fastapi/utils.py
[2026-09-21T04:44:15Z] [iter=1] HEARTBEAT target_type=call_site elapsed_min=63.2 files_done=155 resolved=2311 errors=2025 current=tests/test_request_param_model_by_alias.py
[2026-09-21T04:44:59Z] [iter=1] HEARTBEAT target_type=call_site elapsed_min=63.9 files_done=158 resolved=2314 errors=2049 current=fastapi/security/http.py
[2026-09-21T04:45:38Z] [iter=1] HEARTBEAT target_type=call_site elapsed_min=64.5 files_done=159 resolved=2336 errors=2071 current=docs_src/server_sent_events/tutorial004_py310.py
[2026-09-21T04:46:34Z] [iter=1] HEARTBEAT target_type=call_site elapsed_min=65.5 files_done=162 resolved=2338 errors=2102 current=tests/test_json_type.py
[2026-09-21T04:47:09Z] [iter=1] HEARTBEAT target_type=call_site elapsed_min=66.1 files_done=166 resolved=2344 errors=2121 current=docs_src/cookie_param_models/tutorial002_an_py310.py
[2026-09-21T04:48:14Z] [iter=1] HEARTBEAT target_type=call_site elapsed_min=67.1 files_done=171 resolved=2349 errors=2157 current=tests/test_tutorial/test_response_change_status_code/test_tutorial001.py
[2026-09-21T04:50:34Z] [iter=1] HEARTBEAT target_type=call_site elapsed_min=69.5 files_done=174 resolved=2362 errors=2235 current=scripts/playwright/cookie_param_models/image01.py
[2026-09-21T04:51:08Z] [iter=1] HEARTBEAT target_type=call_site elapsed_min=70.0 files_done=181 resolved=2373 errors=2253 current=fastapi/_compat/shared.py
[2026-09-21T04:52:03Z] [iter=1] HEARTBEAT target_type=call_site elapsed_min=71.0 files_done=182 resolved=2418 errors=2284 current=docs_src/security/tutorial004_py310.py
[2026-09-21T04:52:42Z] [iter=1] HEARTBEAT target_type=call_site elapsed_min=71.6 files_done=183 resolved=2420 errors=2306 current=docs_src/security/tutorial004_an_py310.py
[2026-09-21T04:53:21Z] [iter=1] HEARTBEAT target_type=call_site elapsed_min=72.3 files_done=184 resolved=2422 errors=2328 current=tests/test_ws_router.py
[2026-09-21T04:54:20Z] [iter=1] HEARTBEAT target_type=call_site elapsed_min=73.2 files_done=185 resolved=2426 errors=2360 current=tests/test_tutorial/test_body/test_tutorial004.py
[2026-09-21T04:55:23Z] [iter=1] HEARTBEAT target_type=call_site elapsed_min=74.3 files_done=191 resolved=2438 errors=2395 current=tests/test_validation_error_context.py
[2026-09-21T04:55:57Z] [iter=1] HEARTBEAT target_type=call_site elapsed_min=74.9 files_done=192 resolved=2445 errors=2414 current=tests/test_openapi_separate_input_output_schemas.py
[2026-09-21T04:56:33Z] [iter=1] HEARTBEAT target_type=call_site elapsed_min=75.4 files_done=193 resolved=2445 errors=2434 current=tests/test_tutorial/test_request_form_models/test_tutorial002.py
[2026-09-21T04:57:06Z] [iter=1] HEARTBEAT target_type=call_site elapsed_min=76.0 files_done=201 resolved=2448 errors=2452 current=tests/test_default_response_class.py
[2026-09-21T04:57:55Z] [iter=1] HEARTBEAT target_type=call_site elapsed_min=76.8 files_done=202 resolved=2448 errors=2479 current=docs_src/security/tutorial006_an_py310.py
[2026-09-21T04:58:26Z] [iter=1] HEARTBEAT target_type=call_site elapsed_min=77.3 files_done=206 resolved=2448 errors=2496 current=tests/test_tutorial/test_settings/test_app02.py
[2026-09-21T04:59:14Z] [iter=1] HEARTBEAT target_type=call_site elapsed_min=78.1 files_done=214 resolved=2503 errors=2523 current=tests/test_tutorial/test_custom_response/test_tutorial006b.py
[2026-09-21T04:59:46Z] [iter=1] HEARTBEAT target_type=call_site elapsed_min=78.7 files_done=223 resolved=2523 errors=2540 current=tests/test_tutorial/test_sql_databases/test_tutorial001.py
[2026-09-21T05:00:40Z] [iter=1] HEARTBEAT target_type=call_site elapsed_min=79.6 files_done=229 resolved=2545 errors=2570 current=tests/test_tutorial/test_query_params_str_validations/test_tutorial002.py
[2026-09-21T05:01:26Z] [iter=1] HEARTBEAT target_type=call_site elapsed_min=80.3 files_done=233 resolved=2643 errors=2595 current=tests/test_param_include_in_schema.py
[2026-09-21T05:02:07Z] [iter=1] HEARTBEAT target_type=call_site elapsed_min=81.0 files_done=235 resolved=2643 errors=2618 current=tests/test_tutorial/test_handling_errors/test_tutorial004.py
[2026-09-21T05:02:56Z] [iter=1] HEARTBEAT target_type=call_site elapsed_min=81.8 files_done=243 resolved=2652 errors=2645 current=tests/test_strict_content_type_app_level.py
[2026-09-21T05:04:38Z] [iter=1] HEARTBEAT target_type=call_site elapsed_min=83.5 files_done=246 resolved=2656 errors=2702 current=scripts/tests/test_translation_fixer/conftest.py
[2026-09-21T05:05:27Z] [iter=1] HEARTBEAT target_type=call_site elapsed_min=84.3 files_done=249 resolved=2702 errors=2729 current=tests/test_tutorial/test_sql_databases/test_tutorial002.py
[2026-09-21T05:06:29Z] [iter=1] HEARTBEAT target_type=call_site elapsed_min=85.4 files_done=252 resolved=2712 errors=2763 current=tests/test_allow_inf_nan_in_enforcing.py
[2026-09-21T05:06:59Z] [iter=1] HEARTBEAT target_type=call_site elapsed_min=85.9 files_done=256 resolved=2714 errors=2780 current=tests/test_dependency_duplicates.py
[2026-09-21T05:07:51Z] [iter=1] HEARTBEAT target_type=call_site elapsed_min=86.8 files_done=258 resolved=2717 errors=2809 current=tests/test_tutorial/test_security/test_tutorial007.py
[2026-09-21T05:08:37Z] [iter=1] HEARTBEAT target_type=call_site elapsed_min=87.5 files_done=264 resolved=2723 errors=2834 current=tests/test_tutorial/test_body_nested_models/test_tutorial004.py
[2026-09-21T05:09:14Z] [iter=1] HEARTBEAT target_type=call_site elapsed_min=88.1 files_done=266 resolved=2727 errors=2854 current=tests/test_tutorial/test_dependencies/test_tutorial011.py
[2026-09-21T05:10:06Z] [iter=1] HEARTBEAT target_type=call_site elapsed_min=89.0 files_done=275 resolved=2774 errors=2883 current=docs_src/sql_databases/tutorial001_an_py310.py
[2026-09-21T05:10:39Z] [iter=1] HEARTBEAT target_type=call_site elapsed_min=89.6 files_done=279 resolved=2778 errors=2901 current=docs_src/python_types/tutorial001_py310.py
[2026-09-21T05:11:15Z] [iter=1] HEARTBEAT target_type=call_site elapsed_min=90.2 files_done=290 resolved=2788 errors=2921 current=docs_src/path_params_numeric_validations/tutorial006_py310.py
[2026-09-21T05:11:48Z] [iter=1] HEARTBEAT target_type=call_site elapsed_min=90.7 files_done=297 resolved=2806 errors=2939 current=tests/test_tutorial/test_query_params_str_validations/test_tutorial004.py
[2026-09-21T05:12:20Z] [iter=1] HEARTBEAT target_type=call_site elapsed_min=91.2 files_done=305 resolved=2837 errors=2956 current=docs_src/dependencies/tutorial008c_an_py310.py
[2026-09-21T05:12:53Z] [iter=1] HEARTBEAT target_type=call_site elapsed_min=91.8 files_done=310 resolved=2839 errors=2975 current=tests/test_tutorial/test_path_params_numeric_validations/test_tutorial005.py
[2026-09-21T05:13:40Z] [iter=1] HEARTBEAT target_type=call_site elapsed_min=92.6 files_done=315 resolved=2847 errors=3001 current=tests/test_dependency_security_overrides.py
[2026-09-21T05:14:33Z] [iter=1] HEARTBEAT target_type=call_site elapsed_min=93.5 files_done=318 resolved=2893 errors=3030 current=docs_src/query_params/tutorial003_py310.py
[2026-09-21T05:15:36Z] [iter=1] HEARTBEAT target_type=call_site elapsed_min=94.5 files_done=323 resolved=2912 errors=3065 current=tests/test_openapi_examples.py
[2026-09-21T05:16:06Z] [iter=1] HEARTBEAT target_type=call_site elapsed_min=95.0 files_done=326 resolved=2912 errors=3082 current=docs_src/query_params_str_validations/tutorial010_py310.py
[2026-09-21T05:16:40Z] [iter=1] HEARTBEAT target_type=call_site elapsed_min=95.6 files_done=331 resolved=2921 errors=3101 current=scripts/contributors.py
[2026-09-21T05:17:18Z] [iter=1] HEARTBEAT target_type=call_site elapsed_min=96.2 files_done=334 resolved=2970 errors=3122 current=docs_src/header_params/tutorial002_an_py310.py
[2026-09-21T05:17:52Z] [iter=1] HEARTBEAT target_type=call_site elapsed_min=96.8 files_done=340 resolved=2973 errors=3141 current=tests/test_tutorial/test_header_param_models/test_tutorial002.py
[2026-09-21T05:18:29Z] [iter=1] HEARTBEAT target_type=call_site elapsed_min=97.4 files_done=348 resolved=2978 errors=3161 current=scripts/mkdocs_hooks.py
[2026-09-21T05:19:15Z] [iter=1] HEARTBEAT target_type=call_site elapsed_min=98.1 files_done=350 resolved=3010 errors=3185 current=docs_src/python_types/tutorial009_py310.py
[2026-09-21T05:20:18Z] [iter=1] HEARTBEAT target_type=call_site elapsed_min=99.2 files_done=354 resolved=3016 errors=3220 current=docs_src/body/tutorial001_py310.py
[2026-09-21T05:20:51Z] [iter=1] HEARTBEAT target_type=call_site elapsed_min=99.8 files_done=360 resolved=3018 errors=3238 current=tests/test_tutorial/test_query_params_str_validations/test_tutorial015.py
[2026-09-21T05:21:24Z] [iter=1] HEARTBEAT target_type=call_site elapsed_min=100.3 files_done=362 resolved=3026 errors=3256 current=tests/test_optional_file_list.py
[2026-09-21T05:22:02Z] [iter=1] HEARTBEAT target_type=call_site elapsed_min=100.9 files_done=370 resolved=3033 errors=3277 current=docs_src/request_files/tutorial003_an_py310.py
[2026-09-21T05:22:33Z] [iter=1] HEARTBEAT target_type=call_site elapsed_min=101.5 files_done=373 resolved=3036 errors=3294 current=tests/test_get_request_body.py
[2026-09-21T05:23:06Z] [iter=1] HEARTBEAT target_type=call_site elapsed_min=102.0 files_done=378 resolved=3038 errors=3312 current=tests/test_pydantic_v1_error.py
[2026-09-21T05:23:51Z] [iter=1] HEARTBEAT target_type=call_site elapsed_min=102.8 files_done=381 resolved=3041 errors=3337 current=docs_src/header_param_models/tutorial002_py310.py
[2026-09-21T05:24:26Z] [iter=1] HEARTBEAT target_type=call_site elapsed_min=103.3 files_done=389 resolved=3045 errors=3356 current=docs_src/async_tests/app_a_py310/test_main.py
[2026-09-21T05:25:07Z] [iter=1] HEARTBEAT target_type=call_site elapsed_min=104.0 files_done=399 resolved=3064 errors=3378 current=tests/test_response_code_no_body.py
[2026-09-21T05:25:40Z] [iter=1] HEARTBEAT target_type=call_site elapsed_min=104.6 files_done=403 resolved=3076 errors=3396 current=tests/test_tutorial/test_handling_errors/test_tutorial002.py
[2026-09-21T05:26:16Z] [iter=1] HEARTBEAT target_type=call_site elapsed_min=105.2 files_done=413 resolved=3082 errors=3416 current=scripts/tests/test_translation_fixer/test_header_permalinks/test_header_number_mismatch.py
[2026-09-21T05:26:52Z] [iter=1] HEARTBEAT target_type=call_site elapsed_min=105.8 files_done=417 resolved=3101 errors=3436 current=tests/test_tutorial/test_advanced_middleware/test_tutorial001.py
[2026-09-21T05:27:38Z] [iter=1] HEARTBEAT target_type=call_site elapsed_min=106.5 files_done=420 resolved=3104 errors=3461 current=tests/test_tutorial/test_dependencies/test_tutorial008.py
[2026-09-21T05:28:17Z] [iter=1] HEARTBEAT target_type=call_site elapsed_min=107.2 files_done=432 resolved=3160 errors=3481 current=tests/test_security_openid_connect_description.py
[2026-09-21T05:28:48Z] [iter=1] HEARTBEAT target_type=call_site elapsed_min=107.7 files_done=438 resolved=3165 errors=3498 current=docs_src/openapi_webhooks/tutorial001_py310.py
[2026-09-21T05:29:25Z] [iter=1] HEARTBEAT target_type=call_site elapsed_min=108.3 files_done=443 resolved=3171 errors=3519 current=tests/test_union_inherited_body.py
[2026-09-21T05:30:00Z] [iter=1] HEARTBEAT target_type=call_site elapsed_min=108.9 files_done=447 resolved=3171 errors=3538 current=tests/test_additional_responses_custom_model_in_callback.py
[2026-09-21T05:30:33Z] [iter=1] HEARTBEAT target_type=call_site elapsed_min=109.5 files_done=457 resolved=3177 errors=3555 current=scripts/playwright/sql_databases/image01.py
[2026-09-21T05:31:12Z] [iter=1] HEARTBEAT target_type=call_site elapsed_min=110.1 files_done=464 resolved=3184 errors=3576 current=docs_src/dependencies/tutorial008b_an_py310.py
[2026-09-21T05:31:46Z] [iter=1] HEARTBEAT target_type=call_site elapsed_min=110.7 files_done=468 resolved=3187 errors=3595 current=docs_src/body_nested_models/tutorial002_py310.py
[2026-09-21T05:32:22Z] [iter=1] HEARTBEAT target_type=call_site elapsed_min=111.3 files_done=472 resolved=3187 errors=3615 current=tests/test_tutorial/test_path_operation_advanced_configurations/test_tutorial004.py
[2026-09-21T05:33:01Z] [iter=1] HEARTBEAT target_type=call_site elapsed_min=111.9 files_done=477 resolved=3189 errors=3637 current=tests/test_tutorial/test_websockets/test_tutorial003.py
[2026-09-21T05:33:33Z] [iter=1] HEARTBEAT target_type=call_site elapsed_min=112.5 files_done=490 resolved=3205 errors=3654 current=tests/test_tutorial/test_query_params_str_validations/test_tutorial011.py
[2026-09-21T05:34:07Z] [iter=1] HEARTBEAT target_type=call_site elapsed_min=113.0 files_done=495 resolved=3208 errors=3673 current=tests/test_security_api_key_query.py
[2026-09-21T05:34:42Z] [iter=1] CHECKPOINT TRIGGERED elapsed_min=113.6 files_completed=500 new_files_this_iter=500 mem_mb=1026 MB
[2026-09-21T05:34:42Z] [iter=1] Writing partial enrichment graph path=/home/runner/work/forx/forx/storage/aggregate/lsp/12ea7be0bed9dc13a4dd859a7c96970355140333.nq.gz triples=52037
[2026-09-21T05:34:42Z] [iter=1] Checkpoint written, exiting with code 7
[2026-09-21T05:34:42Z] [iter=1] PHASE END: enrich (checkpointed) elapsed_s=6816 elapsed_min=113.6 files_completed=500
