[2026-09-20T02:12:44Z] === ENRICH ITERATION 1 START | repo=fastapi/fastapi sha=1f442c45 ===
[2026-09-20T02:12:44Z] [iter=1] PHASE START: enrich repo=fastapi/fastapi sha=1f442c45 runlog=/home/runner/work/forx/forx/storage/aggregate/lsp/logs/1f442c45-enrich-iter-001.log output=/home/runner/work/forx/forx/storage/aggregate/lsp/1f442c454f2f74c7419f83c203e6333955399528.nq.gz
[2026-09-20T02:12:52Z] [iter=1] Step 1: Loading AST into disk-backed store mem_mb=79 MB
[2026-09-20T02:13:31Z] [iter=1] AST store loaded triples=4358818 load_secs=37 mem_mb=1003 MB
[2026-09-20T02:13:31Z] [iter=1] Step 2: Finding LSP targets mem_mb=1003 MB
[2026-09-20T02:13:34Z] [iter=1] LSP targets found call_sites=15492 imports=0 extends=0 implements=0 secs=3
[2026-09-20T02:13:36Z] [iter=1] Step 2.7: Building position index (one-shot, shared across resolvers) mem_mb=1003 MB
[2026-09-20T02:14:05Z] [iter=1] Position index built positions=304246 nodes_with_types=404635 secs=29 mem_mb=1003 MB
[2026-09-20T02:14:05Z] [iter=1] Step 3: Starting LSP resolution mem_mb=1003 MB already_completed_types=[] already_completed_files=0
[2026-09-20T02:14:05Z] [iter=1] Resolving target type target_type=call_site count=15492
[2026-09-20T02:14:06Z] [iter=1] HEARTBEAT target_type=call_site elapsed_min=1.4 files_done=0 resolved=0 errors=0 current=tests/test_response_model_as_return_annotation.py
[2026-09-20T02:16:01Z] [iter=1] HEARTBEAT target_type=call_site elapsed_min=3.3 files_done=1 resolved=6 errors=63 current=tests/test_tutorial/test_stream_json_lines/test_tutorial001.py
[2026-09-20T02:16:43Z] [iter=1] HEARTBEAT target_type=call_site elapsed_min=4.0 files_done=4 resolved=11 errors=86 current=scripts/mkdocs_hooks.py
[2026-09-20T02:20:01Z] [iter=1] HEARTBEAT target_type=call_site elapsed_min=7.3 files_done=6 resolved=182 errors=195 current=tests/test_tutorial/test_header_params/test_tutorial001.py
[2026-09-20T02:20:46Z] [iter=1] HEARTBEAT target_type=call_site elapsed_min=8.0 files_done=8 resolved=184 errors=220 current=tests/test_datastructures.py
[2026-09-20T02:25:54Z] [iter=1] HEARTBEAT target_type=call_site elapsed_min=13.2 files_done=10 resolved=509 errors=389 current=tests/test_request_params/test_form/test_list.py
[2026-09-20T02:26:46Z] [iter=1] HEARTBEAT target_type=call_site elapsed_min=14.0 files_done=11 resolved=512 errors=418 current=tests/test_ambiguous_params.py
[2026-09-20T02:27:25Z] [iter=1] HEARTBEAT target_type=call_site elapsed_min=14.7 files_done=14 resolved=517 errors=439 current=tests/test_request_params/test_path/test_required_str.py
[2026-09-20T02:28:47Z] [iter=1] HEARTBEAT target_type=call_site elapsed_min=16.0 files_done=16 resolved=675 errors=484 current=docs_src/dependencies/tutorial002_py310.py
[2026-09-20T02:29:54Z] [iter=1] HEARTBEAT target_type=call_site elapsed_min=17.2 files_done=20 resolved=689 errors=521 current=fastapi/applications.py
[2026-09-20T02:31:40Z] [iter=1] HEARTBEAT target_type=call_site elapsed_min=18.9 files_done=21 resolved=949 errors=579 current=tests/test_dependency_yield_scope.py
[2026-09-20T02:32:48Z] [iter=1] HEARTBEAT target_type=call_site elapsed_min=20.1 files_done=22 resolved=955 errors=617 current=tests/test_tutorial/test_body_nested_models/test_tutorial007.py
[2026-09-20T02:34:05Z] [iter=1] HEARTBEAT target_type=call_site elapsed_min=21.4 files_done=25 resolved=1047 errors=659 current=tests/test_tutorial/test_sql_databases/test_tutorial001.py
[2026-09-20T02:35:09Z] [iter=1] HEARTBEAT target_type=call_site elapsed_min=22.4 files_done=28 resolved=1056 errors=694 current=scripts/translate.py
[2026-09-20T02:35:58Z] [iter=1] HEARTBEAT target_type=call_site elapsed_min=23.2 files_done=29 resolved=1253 errors=720 current=tests/test_query.py
[2026-09-20T02:36:48Z] [iter=1] HEARTBEAT target_type=call_site elapsed_min=24.1 files_done=32 resolved=1520 errors=746 current=tests/test_tutorial/test_additional_responses/test_tutorial002.py
[2026-09-20T02:37:50Z] [iter=1] HEARTBEAT target_type=call_site elapsed_min=25.1 files_done=36 resolved=1573 errors=778 current=tests/test_security_oauth2_authorization_code_bearer_scopes_openapi.py
[2026-09-20T02:38:20Z] [iter=1] HEARTBEAT target_type=call_site elapsed_min=25.6 files_done=38 resolved=1574 errors=795 current=docs_src/settings/app02_an_py310/main.py
[2026-09-20T02:39:26Z] [iter=1] HEARTBEAT target_type=call_site elapsed_min=26.7 files_done=41 resolved=1580 errors=831 current=fastapi/encoders.py
[2026-09-20T02:40:07Z] [iter=1] HEARTBEAT target_type=call_site elapsed_min=27.4 files_done=44 resolved=1633 errors=854 current=docs_src/extending_openapi/tutorial001_py310.py
[2026-09-20T02:42:39Z] [iter=1] HEARTBEAT target_type=call_site elapsed_min=29.9 files_done=47 resolved=1659 errors=939 current=tests/test_request_params/test_file/test_required.py
[2026-09-20T02:43:31Z] [iter=1] HEARTBEAT target_type=call_site elapsed_min=30.8 files_done=48 resolved=1663 errors=968 current=tests/test_request_params/test_body/test_required_str.py
[2026-09-20T02:44:17Z] [iter=1] HEARTBEAT target_type=call_site elapsed_min=31.6 files_done=49 resolved=1666 errors=993 current=tests/test_tutorial/test_body_multiple_params/test_tutorial002.py
[2026-09-20T02:45:12Z] [iter=1] HEARTBEAT target_type=call_site elapsed_min=32.5 files_done=52 resolved=1679 errors=1023 current=tests/test_enforce_once_required_parameter.py
[2026-09-20T02:46:21Z] [iter=1] HEARTBEAT target_type=call_site elapsed_min=33.6 files_done=56 resolved=1689 errors=1061 current=tests/test_request_params/test_body/test_list.py
[2026-09-20T02:47:07Z] [iter=1] HEARTBEAT target_type=call_site elapsed_min=34.4 files_done=57 resolved=1692 errors=1086 current=tests/test_dependency_contextmanager.py
[2026-09-20T02:48:50Z] [iter=1] HEARTBEAT target_type=call_site elapsed_min=36.1 files_done=58 resolved=1705 errors=1143 current=tests/main.py
[2026-09-20T02:50:44Z] [iter=1] HEARTBEAT target_type=call_site elapsed_min=38.0 files_done=59 resolved=1708 errors=1206 current=scripts/tests/test_translation_fixer/test_complex_doc/test_compex_doc.py
[2026-09-20T02:52:05Z] [iter=1] HEARTBEAT target_type=call_site elapsed_min=39.4 files_done=61 resolved=1713 errors=1251 current=tests/test_request_params/test_cookie/test_required_str.py
[2026-09-20T02:52:43Z] [iter=1] HEARTBEAT target_type=call_site elapsed_min=40.0 files_done=62 resolved=1716 errors=1272 current=tests/test_arbitrary_types.py
[2026-09-20T02:53:20Z] [iter=1] HEARTBEAT target_type=call_site elapsed_min=40.6 files_done=66 resolved=1751 errors=1292 current=tests/test_starlette_urlconvertors.py
[2026-09-20T02:55:20Z] [iter=1] HEARTBEAT target_type=call_site elapsed_min=42.6 files_done=74 resolved=1764 errors=1358 current=tests/test_tutorial/test_testing_dependencies/test_tutorial001.py
[2026-09-20T02:57:33Z] [iter=1] HEARTBEAT target_type=call_site elapsed_min=44.8 files_done=76 resolved=1772 errors=1431 current=tests/test_security_api_key_cookie_optional.py
[2026-09-20T02:58:34Z] [iter=1] HEARTBEAT target_type=call_site elapsed_min=45.8 files_done=80 resolved=1793 errors=1464 current=tests/test_request_params/test_query/test_list.py
[2026-09-20T02:59:12Z] [iter=1] HEARTBEAT target_type=call_site elapsed_min=46.5 files_done=81 resolved=1796 errors=1485 current=tests/test_security_api_key_header_optional.py
[2026-09-20T03:00:18Z] [iter=1] HEARTBEAT target_type=call_site elapsed_min=47.6 files_done=85 resolved=2027 errors=1521 current=tests/test_tutorial/test_metadata/test_tutorial001.py
[2026-09-20T03:01:03Z] [iter=1] HEARTBEAT target_type=call_site elapsed_min=48.3 files_done=88 resolved=2069 errors=1546 current=tests/test_tutorial/test_body_multiple_params/test_tutorial004.py
[2026-09-20T03:02:01Z] [iter=1] HEARTBEAT target_type=call_site elapsed_min=49.3 files_done=93 resolved=2117 errors=1578 current=tests/test_generate_unique_id_function.py
[2026-09-20T03:03:17Z] [iter=1] HEARTBEAT target_type=call_site elapsed_min=50.5 files_done=94 resolved=2123 errors=1620 current=tests/test_tutorial/test_debugging/test_tutorial001.py
[2026-09-20T03:04:20Z] [iter=1] HEARTBEAT target_type=call_site elapsed_min=51.6 files_done=97 resolved=2137 errors=1655 current=tests/test_tutorial/test_header_param_models/test_tutorial002.py
[2026-09-20T03:04:56Z] [iter=1] HEARTBEAT target_type=call_site elapsed_min=52.2 files_done=101 resolved=2203 errors=1674 current=tests/test_dependency_class.py
[2026-09-20T03:05:57Z] [iter=1] HEARTBEAT target_type=call_site elapsed_min=53.2 files_done=102 resolved=2205 errors=1708 current=tests/test_request_body_parameters_media_type.py
[2026-09-20T03:06:30Z] [iter=1] HEARTBEAT target_type=call_site elapsed_min=53.8 files_done=105 resolved=2206 errors=1726 current=tests/test_request_params/test_file/test_optional.py
[2026-09-20T03:07:22Z] [iter=1] HEARTBEAT target_type=call_site elapsed_min=54.6 files_done=106 resolved=2210 errors=1755 current=tests/test_regex_deprecated_params.py
[2026-09-20T03:08:23Z] [iter=1] HEARTBEAT target_type=call_site elapsed_min=55.7 files_done=108 resolved=2210 errors=1789 current=tests/test_tutorial/test_path_params_numeric_validations/test_tutorial006.py
[2026-09-20T03:08:56Z] [iter=1] HEARTBEAT target_type=call_site elapsed_min=56.2 files_done=114 resolved=2250 errors=1806 current=fastapi/security/http.py
[2026-09-20T03:09:36Z] [iter=1] HEARTBEAT target_type=call_site elapsed_min=56.9 files_done=115 resolved=2272 errors=1828 current=tests/test_tutorial/test_request_files/test_tutorial001_03.py
[2026-09-20T03:10:29Z] [iter=1] HEARTBEAT target_type=call_site elapsed_min=57.8 files_done=117 resolved=2277 errors=1857 current=tests/test_strict_content_type_nested.py
[2026-09-20T03:11:07Z] [iter=1] HEARTBEAT target_type=call_site elapsed_min=58.4 files_done=121 resolved=2280 errors=1878 current=tests/test_tutorial/test_query_params_str_validations/test_tutorial003.py
[2026-09-20T03:12:00Z] [iter=1] HEARTBEAT target_type=call_site elapsed_min=59.3 files_done=124 resolved=2285 errors=1907 current=tests/test_tutorial/test_custom_docs_ui/test_tutorial002.py
[2026-09-20T03:12:40Z] [iter=1] HEARTBEAT target_type=call_site elapsed_min=59.9 files_done=128 resolved=2291 errors=1929 current=scripts/label_approved.py
[2026-09-20T03:13:52Z] [iter=1] HEARTBEAT target_type=call_site elapsed_min=61.1 files_done=130 resolved=2327 errors=1968 current=tests/test_validation_error_context.py
[2026-09-20T03:14:26Z] [iter=1] HEARTBEAT target_type=call_site elapsed_min=61.7 files_done=131 resolved=2334 errors=1987 current=tests/test_tutorial/test_custom_response/test_tutorial009b.py
[2026-09-20T03:15:03Z] [iter=1] HEARTBEAT target_type=call_site elapsed_min=62.3 files_done=141 resolved=2392 errors=2007 current=tests/test_security_oauth2_password_bearer_optional_description.py
[2026-09-20T03:15:47Z] [iter=1] HEARTBEAT target_type=call_site elapsed_min=63.0 files_done=144 resolved=2403 errors=2031 current=scripts/playwright/separate_openapi_schemas/image03.py
[2026-09-20T03:16:29Z] [iter=1] HEARTBEAT target_type=call_site elapsed_min=63.8 files_done=148 resolved=2407 errors=2054 current=docs_src/header_param_models/tutorial002_an_py310.py
[2026-09-20T03:17:00Z] [iter=1] HEARTBEAT target_type=call_site elapsed_min=64.3 files_done=153 resolved=2429 errors=2071 current=docs_src/security/tutorial005_an_py310.py
[2026-09-20T03:17:45Z] [iter=1] HEARTBEAT target_type=call_site elapsed_min=65.0 files_done=154 resolved=2433 errors=2096 current=tests/test_dependency_wrapped.py
[2026-09-20T03:20:05Z] [iter=1] HEARTBEAT target_type=call_site elapsed_min=67.4 files_done=155 resolved=2444 errors=2174 current=tests/test_request_params/test_header/test_optional_list.py
[2026-09-20T03:20:43Z] [iter=1] HEARTBEAT target_type=call_site elapsed_min=68.0 files_done=156 resolved=2447 errors=2195 current=docs_src/graphql_/tutorial001_py310.py
[2026-09-20T03:21:20Z] [iter=1] HEARTBEAT target_type=call_site elapsed_min=68.6 files_done=162 resolved=2457 errors=2215 current=tests/test_request_params/test_query/test_optional_list.py
[2026-09-20T03:21:58Z] [iter=1] HEARTBEAT target_type=call_site elapsed_min=69.2 files_done=163 resolved=2460 errors=2236 current=tests/test_tutorial/test_generate_clients/test_tutorial002.py
[2026-09-20T03:23:21Z] [iter=1] HEARTBEAT target_type=call_site elapsed_min=70.6 files_done=169 resolved=2506 errors=2282 current=tests/test_tutorial/test_stream_data/test_tutorial002.py
[2026-09-20T03:23:52Z] [iter=1] HEARTBEAT target_type=call_site elapsed_min=71.1 files_done=172 resolved=2509 errors=2299 current=tests/test_security_openid_connect_description.py
[2026-09-20T03:24:29Z] [iter=1] HEARTBEAT target_type=call_site elapsed_min=71.7 files_done=174 resolved=2509 errors=2319 current=docs_src/separate_openapi_schemas/tutorial001_py310.py
[2026-09-20T03:25:00Z] [iter=1] HEARTBEAT target_type=call_site elapsed_min=72.3 files_done=180 resolved=2514 errors=2336 current=tests/test_request_params/test_query/test_optional_str.py
[2026-09-20T03:25:37Z] [iter=1] HEARTBEAT target_type=call_site elapsed_min=72.9 files_done=181 resolved=2517 errors=2356 current=tests/test_security_http_base_optional.py
[2026-09-20T03:26:10Z] [iter=1] HEARTBEAT target_type=call_site elapsed_min=73.4 files_done=188 resolved=2564 errors=2374 current=tests/test_custom_route_class.py
[2026-09-20T03:26:41Z] [iter=1] HEARTBEAT target_type=call_site elapsed_min=74.0 files_done=191 resolved=2569 errors=2391 current=tests/test_required_noneable.py
[2026-09-20T03:27:36Z] [iter=1] HEARTBEAT target_type=call_site elapsed_min=74.9 files_done=197 resolved=2579 errors=2420 current=tests/test_tutorial/test_body_multiple_params/test_tutorial005.py
[2026-09-20T03:28:06Z] [iter=1] HEARTBEAT target_type=call_site elapsed_min=75.4 files_done=208 resolved=2591 errors=2436 current=tests/test_tutorial/test_schema_extra_example/test_tutorial004.py
[2026-09-20T03:28:44Z] [iter=1] HEARTBEAT target_type=call_site elapsed_min=76.0 files_done=210 resolved=2595 errors=2457 current=tests/test_tutorial/test_extending_openapi/test_tutorial001.py
[2026-09-20T03:29:19Z] [iter=1] HEARTBEAT target_type=call_site elapsed_min=76.6 files_done=219 resolved=2606 errors=2476 current=docs_src/cookie_params/tutorial001_an_py310.py
[2026-09-20T03:30:17Z] [iter=1] HEARTBEAT target_type=call_site elapsed_min=77.6 files_done=221 resolved=2609 errors=2508 current=tests/test_tutorial/test_dependencies/test_tutorial012.py
[2026-09-20T03:31:33Z] [iter=1] HEARTBEAT target_type=call_site elapsed_min=78.8 files_done=224 resolved=2621 errors=2549 current=tests/test_local_docs.py
[2026-09-20T03:32:09Z] [iter=1] HEARTBEAT target_type=call_site elapsed_min=79.4 files_done=226 resolved=2628 errors=2569 current=tests/test_schema_ref_pydantic_v2.py
[2026-09-20T03:32:50Z] [iter=1] HEARTBEAT target_type=call_site elapsed_min=80.1 files_done=231 resolved=2643 errors=2591 current=tests/test_tutorial/test_metadata/test_tutorial001_1.py
[2026-09-20T03:33:40Z] [iter=1] HEARTBEAT target_type=call_site elapsed_min=80.9 files_done=236 resolved=2643 errors=2619 current=tests/test_tutorial/test_path_params_numeric_validations/test_tutorial002_tutorial003.py
[2026-09-20T03:34:48Z] [iter=1] HEARTBEAT target_type=call_site elapsed_min=82.1 files_done=240 resolved=2708 errors=2656 current=tests/test_no_swagger_ui_redirect.py
[2026-09-20T03:35:24Z] [iter=1] HEARTBEAT target_type=call_site elapsed_min=82.7 files_done=247 resolved=2736 errors=2676 current=scripts/playwright/sql_databases/image02.py
[2026-09-20T03:36:01Z] [iter=1] HEARTBEAT target_type=call_site elapsed_min=83.3 files_done=253 resolved=2743 errors=2696 current=docs_src/settings/app03_py310/main.py
[2026-09-20T03:36:33Z] [iter=1] HEARTBEAT target_type=call_site elapsed_min=83.8 files_done=257 resolved=2747 errors=2714 current=tests/test_response_by_alias.py
[2026-09-20T03:37:04Z] [iter=1] HEARTBEAT target_type=call_site elapsed_min=84.3 files_done=259 resolved=2749 errors=2731 current=tests/test_tutorial/test_query_params/test_tutorial003.py
[2026-09-20T03:37:48Z] [iter=1] HEARTBEAT target_type=call_site elapsed_min=85.1 files_done=265 resolved=2755 errors=2755 current=docs_src/server_sent_events/tutorial001_py310.py
[2026-09-20T03:38:30Z] [iter=1] HEARTBEAT target_type=call_site elapsed_min=85.8 files_done=268 resolved=2755 errors=2778 current=tests/test_validate_response_recursive/app.py
[2026-09-20T03:39:16Z] [iter=1] HEARTBEAT target_type=call_site elapsed_min=86.5 files_done=277 resolved=2775 errors=2803 current=docs_src/additional_status_codes/tutorial001_py310.py
[2026-09-20T03:40:02Z] [iter=1] HEARTBEAT target_type=call_site elapsed_min=87.3 files_done=279 resolved=2777 errors=2829 current=tests/test_repeated_cookie_headers.py
[2026-09-20T03:40:35Z] [iter=1] HEARTBEAT target_type=call_site elapsed_min=87.9 files_done=282 resolved=2778 errors=2847 current=tests/test_tutorial/test_path_operation_configurations/test_tutorial002b.py
[2026-09-20T03:41:31Z] [iter=1] HEARTBEAT target_type=call_site elapsed_min=88.8 files_done=286 resolved=2806 errors=2878 current=tests/test_tutorial/test_path_operation_configurations/test_tutorial003_tutorial004.py
[2026-09-20T03:42:01Z] [iter=1] HEARTBEAT target_type=call_site elapsed_min=89.3 files_done=291 resolved=2843 errors=2894 current=docs_src/dependencies/tutorial008e_an_py310.py
[2026-09-20T03:42:53Z] [iter=1] HEARTBEAT target_type=call_site elapsed_min=90.2 files_done=295 resolved=2847 errors=2923 current=tests/test_tutorial/test_response_model/test_tutorial006.py
[2026-09-20T03:43:31Z] [iter=1] HEARTBEAT target_type=call_site elapsed_min=90.8 files_done=299 resolved=2848 errors=2944 current=scripts/contributors.py
[2026-09-20T03:44:04Z] [iter=1] HEARTBEAT target_type=call_site elapsed_min=91.3 files_done=302 resolved=2896 errors=2962 current=docs_src/response_model/tutorial003_02_py310.py
[2026-09-20T03:45:04Z] [iter=1] HEARTBEAT target_type=call_site elapsed_min=92.3 files_done=309 resolved=2930 errors=2995 current=tests/test_infer_param_optionality.py
[2026-09-20T03:45:44Z] [iter=1] HEARTBEAT target_type=call_site elapsed_min=93.0 files_done=314 resolved=2931 errors=3017 current=tests/test_tutorial/test_server_sent_events/test_tutorial003.py
[2026-09-20T03:46:15Z] [iter=1] HEARTBEAT target_type=call_site elapsed_min=93.5 files_done=317 resolved=2935 errors=3034 current=tests/test_computed_fields.py
[2026-09-20T03:46:57Z] [iter=1] HEARTBEAT target_type=call_site elapsed_min=94.2 files_done=322 resolved=2948 errors=3056 current=tests/test_generic_parameterless_depends.py
[2026-09-20T03:47:32Z] [iter=1] HEARTBEAT target_type=call_site elapsed_min=94.8 files_done=326 resolved=2950 errors=3075 current=tests/test_tutorial/test_query_params_str_validations/test_tutorial015.py
[2026-09-20T03:48:41Z] [iter=1] HEARTBEAT target_type=call_site elapsed_min=95.9 files_done=332 resolved=2955 errors=3112 current=docs_src/query_params_str_validations/tutorial015_an_py310.py
[2026-09-20T03:49:19Z] [iter=1] HEARTBEAT target_type=call_site elapsed_min=96.6 files_done=337 resolved=2983 errors=3133 current=tests/test_tutorial/test_conditional_openapi/test_tutorial001.py
[2026-09-20T03:50:10Z] [iter=1] HEARTBEAT target_type=call_site elapsed_min=97.4 files_done=339 resolved=2987 errors=3161 current=tests/test_tutorial/test_body_updates/test_tutorial002.py
[2026-09-20T03:50:41Z] [iter=1] HEARTBEAT target_type=call_site elapsed_min=98.0 files_done=353 resolved=3023 errors=3177 current=tests/test_tutorial/test_generate_clients/test_tutorial001.py
[2026-09-20T03:51:22Z] [iter=1] HEARTBEAT target_type=call_site elapsed_min=98.6 files_done=363 resolved=3073 errors=3199 current=tests/test_dependency_after_yield_streaming.py
[2026-09-20T03:52:20Z] [iter=1] HEARTBEAT target_type=call_site elapsed_min=99.6 files_done=366 resolved=3089 errors=3231 current=tests/test_sub_callbacks.py
[2026-09-20T03:52:59Z] [iter=1] HEARTBEAT target_type=call_site elapsed_min=100.3 files_done=370 resolved=3090 errors=3253 current=tests/test_tutorial/test_dependencies/test_tutorial008b.py
[2026-09-20T03:53:46Z] [iter=1] HEARTBEAT target_type=call_site elapsed_min=101.0 files_done=373 resolved=3095 errors=3279 current=docs_src/query_params_str_validations/tutorial014_an_py310.py
[2026-09-20T03:54:25Z] [iter=1] HEARTBEAT target_type=call_site elapsed_min=101.7 files_done=381 resolved=3117 errors=3301 current=scripts/playwright/sql_databases/image01.py
[2026-09-20T03:54:58Z] [iter=1] HEARTBEAT target_type=call_site elapsed_min=102.2 files_done=386 resolved=3123 errors=3319 current=docs_src/request_files/tutorial001_02_an_py310.py
[2026-09-20T03:55:33Z] [iter=1] HEARTBEAT target_type=call_site elapsed_min=102.8 files_done=395 resolved=3132 errors=3338 current=tests/test_tutorial/test_query_params_str_validations/test_tutorial005.py
[2026-09-20T03:56:04Z] [iter=1] HEARTBEAT target_type=call_site elapsed_min=103.3 files_done=408 resolved=3172 errors=3354 current=tests/test_tutorial/test_testing/test_main_a.py
[2026-09-20T03:56:42Z] [iter=1] HEARTBEAT target_type=call_site elapsed_min=104.0 files_done=414 resolved=3179 errors=3375 current=docs_src/custom_response/tutorial006c_py310.py
[2026-09-20T03:57:20Z] [iter=1] HEARTBEAT target_type=call_site elapsed_min=104.6 files_done=421 resolved=3183 errors=3396 current=tests/test_tutorial/test_middleware/test_tutorial001.py
[2026-09-20T03:57:52Z] [iter=1] HEARTBEAT target_type=call_site elapsed_min=105.1 files_done=426 resolved=3186 errors=3414 current=tests/test_tutorial/test_schema_extra_example/test_tutorial001.py
[2026-09-20T03:58:25Z] [iter=1] HEARTBEAT target_type=call_site elapsed_min=105.7 files_done=432 resolved=3190 errors=3432 current=tests/test_inherited_custom_class.py
[2026-09-20T03:59:08Z] [iter=1] HEARTBEAT target_type=call_site elapsed_min=106.4 files_done=439 resolved=3198 errors=3456 current=tests/test_tutorial/test_python_types/test_tutorial007.py
[2026-09-20T03:59:41Z] [iter=1] HEARTBEAT target_type=call_site elapsed_min=106.9 files_done=449 resolved=3205 errors=3474 current=docs_src/app_testing/tutorial002_py310.py
[2026-09-20T04:00:19Z] [iter=1] HEARTBEAT target_type=call_site elapsed_min=107.6 files_done=457 resolved=3212 errors=3495 current=docs_src/stream_json_lines/tutorial001_py310.py
[2026-09-20T04:00:54Z] [iter=1] HEARTBEAT target_type=call_site elapsed_min=108.2 files_done=466 resolved=3221 errors=3514 current=tests/test_tutorial/test_handling_errors/test_tutorial006.py
[2026-09-20T04:01:28Z] [iter=1] HEARTBEAT target_type=call_site elapsed_min=108.7 files_done=472 resolved=3226 errors=3533 current=docs_src/request_forms/tutorial001_an_py310.py
[2026-09-20T04:02:04Z] [iter=1] HEARTBEAT target_type=call_site elapsed_min=109.3 files_done=479 resolved=3248 errors=3553 current=docs_src/header_params/tutorial003_py310.py
[2026-09-20T04:02:36Z] [iter=1] HEARTBEAT target_type=call_site elapsed_min=109.9 files_done=488 resolved=3262 errors=3571 current=tests/test_tutorial/test_security/test_tutorial006.py
[2026-09-20T04:03:09Z] [iter=1] HEARTBEAT target_type=call_site elapsed_min=110.4 files_done=494 resolved=3266 errors=3589 current=tests/test_security_http_digest.py
[2026-09-20T04:03:46Z] [iter=1] CHECKPOINT TRIGGERED elapsed_min=111.0 files_completed=500 new_files_this_iter=500 mem_mb=1007 MB
[2026-09-20T04:03:46Z] [iter=1] Writing partial enrichment graph path=/home/runner/work/forx/forx/storage/aggregate/lsp/1f442c454f2f74c7419f83c203e6333955399528.nq.gz triples=52298
[2026-09-20T04:03:48Z] [iter=1] Checkpoint written, exiting with code 7
[2026-09-20T04:03:48Z] [iter=1] PHASE END: enrich (checkpointed) elapsed_s=6663 elapsed_min=111.0 files_completed=500
