[2026-09-20T04:09:14Z] === ENRICH ITERATION 2 START | repo=fastapi/fastapi sha=1f442c45 ===
[2026-09-20T04:09:14Z] [iter=2] PHASE START: enrich repo=fastapi/fastapi sha=1f442c45 runlog=/home/runner/work/forx/forx/storage/aggregate/lsp/logs/1f442c45-enrich-iter-002.log output=/home/runner/work/forx/forx/storage/aggregate/lsp/1f442c454f2f74c7419f83c203e6333955399528.nq.gz
[2026-09-20T04:09:23Z] [iter=2] Step 1: Loading AST into disk-backed store mem_mb=79 MB
[2026-09-20T04:10:03Z] [iter=2] AST store loaded triples=4358818 load_secs=38 mem_mb=1026 MB
[2026-09-20T04:10:03Z] [iter=2] Step 2: Finding LSP targets mem_mb=1026 MB
[2026-09-20T04:10:06Z] [iter=2] LSP targets found call_sites=15492 imports=0 extends=0 implements=0 secs=3
[2026-09-20T04:10:08Z] [iter=2] Loaded checkpoint partial graph triples=52298
[2026-09-20T04:10:10Z] [iter=2] Step 2.7: Building position index (one-shot, shared across resolvers) mem_mb=1026 MB
[2026-09-20T04:10:38Z] [iter=2] Position index built positions=304246 nodes_with_types=404635 secs=28 mem_mb=1026 MB
[2026-09-20T04:10:38Z] [iter=2] Step 3: Starting LSP resolution mem_mb=1026 MB already_completed_types=[] already_completed_files=500
[2026-09-20T04:10:38Z] [iter=2] Resolving target type target_type=call_site count=15492
[2026-09-20T04:10:39Z] [iter=2] HEARTBEAT target_type=call_site elapsed_min=1.4 files_done=0 resolved=0 errors=0 current=docs_src/query_params/tutorial005_py310.py
[2026-09-20T04:11:31Z] [iter=2] HEARTBEAT target_type=call_site elapsed_min=2.3 files_done=10 resolved=17 errors=26 current=tests/test_response_code_no_body.py
[2026-09-20T04:12:12Z] [iter=2] HEARTBEAT target_type=call_site elapsed_min=3.0 files_done=14 resolved=19 errors=48 current=docs_src/dependencies/tutorial008_an_py310.py
[2026-09-20T04:12:50Z] [iter=2] HEARTBEAT target_type=call_site elapsed_min=3.6 files_done=21 resolved=22 errors=68 current=tests/test_router_prefix_with_template.py
[2026-09-20T04:13:32Z] [iter=2] HEARTBEAT target_type=call_site elapsed_min=4.3 files_done=27 resolved=33 errors=90 current=tests/test_tutorial/test_header_param_models/test_tutorial001.py
[2026-09-20T04:14:10Z] [iter=2] HEARTBEAT target_type=call_site elapsed_min=4.9 files_done=35 resolved=39 errors=110 current=docs_src/app_testing/app_b_py310/main.py
[2026-09-20T04:14:41Z] [iter=2] HEARTBEAT target_type=call_site elapsed_min=5.4 files_done=38 resolved=40 errors=126 current=tests/test_tutorial/test_authentication_error_status_code/test_tutorial001.py
[2026-09-20T04:15:12Z] [iter=2] HEARTBEAT target_type=call_site elapsed_min=6.0 files_done=47 resolved=45 errors=142 current=tests/test_tutorial/test_python_types/test_tutorial003.py
[2026-09-20T04:15:52Z] [iter=2] HEARTBEAT target_type=call_site elapsed_min=6.6 files_done=58 resolved=56 errors=163 current=tests/test_forms_from_non_typing_sequences.py
[2026-09-20T04:16:33Z] [iter=2] HEARTBEAT target_type=call_site elapsed_min=7.3 files_done=65 resolved=57 errors=185 current=tests/test_tutorial/test_response_model/test_tutorial002.py
[2026-09-20T04:17:03Z] [iter=2] HEARTBEAT target_type=call_site elapsed_min=7.8 files_done=73 resolved=63 errors=200 current=tests/test_dependency_contextvars.py
[2026-09-20T04:17:48Z] [iter=2] HEARTBEAT target_type=call_site elapsed_min=8.6 files_done=77 resolved=68 errors=224 current=docs_src/dataclasses_/tutorial002_py310.py
[2026-09-20T04:18:22Z] [iter=2] HEARTBEAT target_type=call_site elapsed_min=9.1 files_done=83 resolved=74 errors=242 current=docs_src/query_params_str_validations/tutorial006_py310.py
[2026-09-20T04:18:53Z] [iter=2] HEARTBEAT target_type=call_site elapsed_min=9.6 files_done=90 resolved=88 errors=259 current=tests/test_tutorial/test_query_params/test_tutorial004.py
[2026-09-20T04:19:31Z] [iter=2] HEARTBEAT target_type=call_site elapsed_min=10.3 files_done=98 resolved=101 errors=279 current=tests/test_union_body_discriminator.py
[2026-09-20T04:20:10Z] [iter=2] HEARTBEAT target_type=call_site elapsed_min=10.9 files_done=103 resolved=107 errors=300 current=tests/test_security_api_key_query.py
[2026-09-20T04:20:43Z] [iter=2] HEARTBEAT target_type=call_site elapsed_min=11.5 files_done=109 resolved=110 errors=318 current=docs_src/dependencies/tutorial008b_an_py310.py
[2026-09-20T04:21:26Z] [iter=2] HEARTBEAT target_type=call_site elapsed_min=12.2 files_done=116 resolved=118 errors=341 current=docs_src/dependencies/tutorial005_py310.py
[2026-09-20T04:21:57Z] [iter=2] HEARTBEAT target_type=call_site elapsed_min=12.7 files_done=122 resolved=120 errors=358 current=tests/test_additional_responses_union_duplicate_anyof.py
[2026-09-20T04:22:36Z] [iter=2] HEARTBEAT target_type=call_site elapsed_min=13.4 files_done=128 resolved=122 errors=379 current=tests/test_union_body_discriminator_annotated.py
[2026-09-20T04:23:10Z] [iter=2] HEARTBEAT target_type=call_site elapsed_min=13.9 files_done=135 resolved=135 errors=397 current=docs_src/dependencies/tutorial003_an_py310.py
[2026-09-20T04:23:42Z] [iter=2] HEARTBEAT target_type=call_site elapsed_min=14.5 files_done=138 resolved=139 errors=414 current=docs_src/additional_responses/tutorial004_py310.py
[2026-09-20T04:24:12Z] [iter=2] HEARTBEAT target_type=call_site elapsed_min=15.0 files_done=146 resolved=146 errors=430 current=tests/test_tutorial/test_response_model/test_tutorial003_04.py
[2026-09-20T04:24:45Z] [iter=2] HEARTBEAT target_type=call_site elapsed_min=15.5 files_done=153 resolved=149 errors=448 current=docs_src/behind_a_proxy/tutorial002_py310.py
[2026-09-20T04:25:20Z] [iter=2] HEARTBEAT target_type=call_site elapsed_min=16.1 files_done=155 resolved=150 errors=467 current=docs_src/response_status_code/tutorial001_py310.py
[2026-09-20T04:25:55Z] [iter=2] HEARTBEAT target_type=call_site elapsed_min=16.7 files_done=161 resolved=152 errors=486 current=docs_src/handling_errors/tutorial005_py310.py
[2026-09-20T04:26:25Z] [iter=2] HEARTBEAT target_type=call_site elapsed_min=17.2 files_done=169 resolved=158 errors=502 current=tests/test_tutorial/test_testing/test_tutorial002.py
[2026-09-20T04:26:59Z] [iter=2] HEARTBEAT target_type=call_site elapsed_min=17.7 files_done=179 resolved=167 errors=520 current=docs_src/middleware/tutorial001_py310.py
[2026-09-20T04:27:33Z] [iter=2] HEARTBEAT target_type=call_site elapsed_min=18.3 files_done=189 resolved=178 errors=538 current=docs_src/configure_swagger_ui/tutorial001_py310.py
[2026-09-20T04:28:04Z] [iter=2] HEARTBEAT target_type=call_site elapsed_min=18.8 files_done=203 resolved=188 errors=554 current=docs_src/response_model/tutorial006_py310.py
[2026-09-20T04:28:38Z] [iter=2] HEARTBEAT target_type=call_site elapsed_min=19.4 files_done=209 resolved=192 errors=572 current=tests/test_forms_single_param.py
[2026-09-20T04:29:11Z] [iter=2] HEARTBEAT target_type=call_site elapsed_min=19.9 files_done=217 resolved=196 errors=590 current=docs_src/path_params_numeric_validations/tutorial006_an_py310.py
[2026-09-20T04:29:43Z] [iter=2] HEARTBEAT target_type=call_site elapsed_min=20.5 files_done=224 resolved=203 errors=607 current=tests/test_router_circular_import.py
[2026-09-20T04:30:15Z] [iter=2] HEARTBEAT target_type=call_site elapsed_min=21.0 files_done=233 resolved=210 errors=624 current=docs_src/custom_response/tutorial004_py310.py
[2026-09-20T04:30:53Z] [iter=2] HEARTBEAT target_type=call_site elapsed_min=21.6 files_done=241 resolved=221 errors=644 current=fastapi/logger.py
[2026-09-20T04:31:30Z] [iter=2] HEARTBEAT target_type=call_site elapsed_min=22.3 files_done=249 resolved=228 errors=664 current=docs_src/header_params/tutorial002_py310.py
[2026-09-20T04:32:03Z] [iter=2] HEARTBEAT target_type=call_site elapsed_min=22.8 files_done=255 resolved=231 errors=682 current=tests/test_repeated_parameter_alias.py
[2026-09-20T04:32:35Z] [iter=2] HEARTBEAT target_type=call_site elapsed_min=23.3 files_done=263 resolved=234 errors=699 current=tests/test_tutorial/test_response_model/test_tutorial003_05.py
[2026-09-20T04:33:12Z] [iter=2] HEARTBEAT target_type=call_site elapsed_min=24.0 files_done=272 resolved=240 errors=719 current=docs_src/cookie_param_models/tutorial002_an_py310.py
[2026-09-20T04:33:48Z] [iter=2] HEARTBEAT target_type=call_site elapsed_min=24.6 files_done=278 resolved=241 errors=738 current=docs_src/debugging/tutorial001_py310.py
[2026-09-20T04:34:23Z] [iter=2] HEARTBEAT target_type=call_site elapsed_min=25.1 files_done=285 resolved=245 errors=757 current=docs_src/path_operation_advanced_configuration/tutorial001_py310.py
[2026-09-20T04:34:56Z] [iter=2] HEARTBEAT target_type=call_site elapsed_min=25.7 files_done=289 resolved=247 errors=775 current=docs_src/behind_a_proxy/tutorial001_01_py310.py
[2026-09-20T04:35:29Z] [iter=2] HEARTBEAT target_type=call_site elapsed_min=26.3 files_done=301 resolved=251 errors=793 current=docs_src/dependencies/tutorial002_an_py310.py
[2026-09-20T04:36:01Z] [iter=2] HEARTBEAT target_type=call_site elapsed_min=26.8 files_done=308 resolved=255 errors=810 current=tests/test_tutorial/test_custom_response/test_tutorial006c.py
[2026-09-20T04:36:32Z] [iter=2] HEARTBEAT target_type=call_site elapsed_min=27.3 files_done=317 resolved=255 errors=827 current=docs_src/response_model/tutorial001_py310.py
[2026-09-20T04:37:05Z] [iter=2] HEARTBEAT target_type=call_site elapsed_min=27.9 files_done=323 resolved=256 errors=845 current=docs_src/query_params/tutorial004_py310.py
[2026-09-20T04:37:40Z] [iter=2] HEARTBEAT target_type=call_site elapsed_min=28.4 files_done=330 resolved=260 errors=864 current=tests/test_tutorial/test_path_operation_advanced_configurations/test_tutorial005.py
[2026-09-20T04:38:14Z] [iter=2] HEARTBEAT target_type=call_site elapsed_min=29.0 files_done=340 resolved=263 errors=882 current=docs_src/body_updates/tutorial001_py310.py
[2026-09-20T04:38:45Z] [iter=2] HEARTBEAT target_type=call_site elapsed_min=29.5 files_done=346 resolved=269 errors=899 current=tests/test_custom_swagger_ui_redirect.py
[2026-09-20T04:39:16Z] [iter=2] HEARTBEAT target_type=call_site elapsed_min=30.0 files_done=354 resolved=271 errors=916 current=docs_src/custom_response/tutorial005_py310.py
[2026-09-20T04:39:50Z] [iter=2] HEARTBEAT target_type=call_site elapsed_min=30.6 files_done=361 resolved=271 errors=934 current=tests/test_tutorial/test_configure_swagger_ui/test_tutorial001.py
[2026-09-20T04:40:21Z] [iter=2] HEARTBEAT target_type=call_site elapsed_min=31.1 files_done=368 resolved=272 errors=951 current=docs_src/body_nested_models/tutorial007_py310.py
[2026-09-20T04:40:52Z] [iter=2] HEARTBEAT target_type=call_site elapsed_min=31.6 files_done=376 resolved=275 errors=968 current=docs_src/generate_clients/tutorial002_py310.py
[2026-09-20T04:41:27Z] [iter=2] HEARTBEAT target_type=call_site elapsed_min=32.2 files_done=386 resolved=277 errors=987 current=tests/test_tutorial/test_python_types/test_tutorial013.py
[2026-09-20T04:41:59Z] [iter=2] HEARTBEAT target_type=call_site elapsed_min=32.7 files_done=396 resolved=284 errors=1004 current=tests/test_tutorial/test_python_types/test_tutorial010.py
[2026-09-20T04:42:30Z] [iter=2] HEARTBEAT target_type=call_site elapsed_min=33.3 files_done=407 resolved=285 errors=1021 current=docs_src/response_model/tutorial004_py310.py
[2026-09-20T04:43:18Z] [iter=2] HEARTBEAT target_type=call_site elapsed_min=34.1 files_done=411 resolved=306 errors=1045 current=docs/en/docs/js/custom.js
[2026-09-20T04:43:51Z] [iter=2] HEARTBEAT target_type=call_site elapsed_min=34.6 files_done=412 resolved=362 errors=1063 current=docs/en/docs/js/init_kapa_widget.js
[2026-09-20T04:43:54Z] [iter=2] Target type resolved target_type=call_site resolved=394 errors=1064 secs=1995 mem_mb=1026 MB
[2026-09-20T04:44:18Z] [iter=2] Step 5: Writing final enrichment file triples=130036
[2026-09-20T04:44:21Z] [iter=2] Enrichment file written path=/home/runner/work/forx/forx/storage/aggregate/lsp/1f442c454f2f74c7419f83c203e6333955399528.nq.gz size_kb=3258
[2026-09-20T04:44:21Z] [iter=2] Checkpoint cleared (enrichment complete)
[2026-09-20T04:44:21Z] [iter=2] PHASE END: enrich elapsed_s=2106 elapsed_min=35.1 total_triples=130036
