[2026-09-20T05:21:33Z] === ENRICH ITERATION 1 START | repo=fastapi/fastapi sha=25a3697c ===
[2026-09-20T05:21:33Z] [iter=1] PHASE START: enrich repo=fastapi/fastapi sha=25a3697c runlog=/home/runner/work/forx/forx/storage/aggregate/lsp/logs/25a3697c-enrich-iter-001.log output=/home/runner/work/forx/forx/storage/aggregate/lsp/25a3697cedc6e7dfb84e93c8ff965801486f00f4.nq.gz
[2026-09-20T05:21:41Z] [iter=1] Step 1: Loading AST into disk-backed store mem_mb=79 MB
[2026-09-20T05:22:19Z] [iter=1] AST store loaded triples=4357401 load_secs=35 mem_mb=991 MB
[2026-09-20T05:22:19Z] [iter=1] Step 2: Finding LSP targets mem_mb=991 MB
[2026-09-20T05:22:22Z] [iter=1] LSP targets found call_sites=15484 imports=0 extends=0 implements=0 secs=3
[2026-09-20T05:22:24Z] [iter=1] Step 2.7: Building position index (one-shot, shared across resolvers) mem_mb=991 MB
[2026-09-20T05:22:52Z] [iter=1] Position index built positions=304154 nodes_with_types=404507 secs=28 mem_mb=1065 MB
[2026-09-20T05:22:52Z] [iter=1] Step 3: Starting LSP resolution mem_mb=1065 MB already_completed_types=[] already_completed_files=0
[2026-09-20T05:22:52Z] [iter=1] Resolving target type target_type=call_site count=15484
[2026-09-20T05:22:53Z] [iter=1] HEARTBEAT target_type=call_site elapsed_min=1.3 files_done=0 resolved=0 errors=0 current=scripts/doc_parsing_utils.py
[2026-09-20T05:23:58Z] [iter=1] HEARTBEAT target_type=call_site elapsed_min=2.4 files_done=1 resolved=158 errors=35 current=fastapi/routing.py
[2026-09-20T05:28:41Z] [iter=1] HEARTBEAT target_type=call_site elapsed_min=7.1 files_done=2 resolved=479 errors=190 current=tests/test_response_change_status_code.py
[2026-09-20T05:29:27Z] [iter=1] HEARTBEAT target_type=call_site elapsed_min=7.9 files_done=4 resolved=482 errors=215 current=scripts/mkdocs_hooks.py
[2026-09-20T05:30:38Z] [iter=1] HEARTBEAT target_type=call_site elapsed_min=9.1 files_done=6 resolved=517 errors=254 current=fastapi/exceptions.py
[2026-09-20T05:33:37Z] [iter=1] HEARTBEAT target_type=call_site elapsed_min=12.1 files_done=8 resolved=675 errors=353 current=fastapi/param_functions.py
[2026-09-20T05:34:36Z] [iter=1] HEARTBEAT target_type=call_site elapsed_min=13.0 files_done=10 resolved=904 errors=385 current=tests/test_pydantic_v1_error.py
[2026-09-20T05:35:12Z] [iter=1] HEARTBEAT target_type=call_site elapsed_min=13.6 files_done=12 resolved=906 errors=405 current=tests/test_request_params/test_header/test_optional_str.py
[2026-09-20T05:35:50Z] [iter=1] HEARTBEAT target_type=call_site elapsed_min=14.3 files_done=13 resolved=909 errors=426 current=tests/test_tutorial/test_middleware/test_tutorial001.py
[2026-09-20T05:36:49Z] [iter=1] HEARTBEAT target_type=call_site elapsed_min=15.3 files_done=16 resolved=913 errors=459 current=tests/test_wrapped_method_forward_reference.py
[2026-09-20T05:38:02Z] [iter=1] HEARTBEAT target_type=call_site elapsed_min=16.5 files_done=19 resolved=918 errors=499 current=docs_src/behind_a_proxy/tutorial001_py310.py
[2026-09-20T05:38:56Z] [iter=1] HEARTBEAT target_type=call_site elapsed_min=17.4 files_done=22 resolved=1115 errors=527 current=tests/test_tutorial/test_request_files/test_tutorial001.py
[2026-09-20T05:39:34Z] [iter=1] HEARTBEAT target_type=call_site elapsed_min=18.0 files_done=25 resolved=1117 errors=547 current=fastapi/applications.py
[2026-09-20T05:41:18Z] [iter=1] HEARTBEAT target_type=call_site elapsed_min=19.8 files_done=26 resolved=1375 errors=604 current=tests/test_request_params/test_body/test_optional_list.py
[2026-09-20T05:42:04Z] [iter=1] HEARTBEAT target_type=call_site elapsed_min=20.5 files_done=27 resolved=1378 errors=629 current=tests/test_no_schema_split.py
[2026-09-20T05:43:04Z] [iter=1] HEARTBEAT target_type=call_site elapsed_min=21.5 files_done=29 resolved=1382 errors=662 current=tests/test_params_repr.py
[2026-09-20T05:43:52Z] [iter=1] HEARTBEAT target_type=call_site elapsed_min=22.3 files_done=30 resolved=1409 errors=689 current=docs_src/query_params_str_validations/tutorial006c_py310.py
[2026-09-20T05:44:36Z] [iter=1] HEARTBEAT target_type=call_site elapsed_min=23.0 files_done=36 resolved=1417 errors=713 current=tests/test_tutorial/test_security/test_tutorial005.py
[2026-09-20T05:45:33Z] [iter=1] HEARTBEAT target_type=call_site elapsed_min=24.0 files_done=39 resolved=1421 errors=745 current=tests/test_response_model_as_return_annotation.py
[2026-09-20T05:47:27Z] [iter=1] HEARTBEAT target_type=call_site elapsed_min=25.9 files_done=40 resolved=1427 errors=808 current=tests/test_tutorial/test_server_sent_events/test_tutorial005.py
[2026-09-20T05:48:10Z] [iter=1] HEARTBEAT target_type=call_site elapsed_min=26.6 files_done=45 resolved=1503 errors=831 current=tests/test_tutorial/test_request_forms/test_tutorial001.py
[2026-09-20T05:49:33Z] [iter=1] HEARTBEAT target_type=call_site elapsed_min=28.0 files_done=48 resolved=1510 errors=877 current=tests/test_security_http_digest_description.py
[2026-09-20T05:52:05Z] [iter=1] HEARTBEAT target_type=call_site elapsed_min=30.5 files_done=55 resolved=1555 errors=962 current=tests/test_request_params/test_body/test_optional_str.py
[2026-09-20T05:52:50Z] [iter=1] HEARTBEAT target_type=call_site elapsed_min=31.3 files_done=56 resolved=1558 errors=987 current=docs_src/dependencies/tutorial012_py310.py
[2026-09-20T05:53:53Z] [iter=1] HEARTBEAT target_type=call_site elapsed_min=32.3 files_done=59 resolved=1792 errors=1020 current=fastapi/encoders.py
[2026-09-20T05:54:27Z] [iter=1] HEARTBEAT target_type=call_site elapsed_min=32.9 files_done=61 resolved=1844 errors=1039 current=tests/test_exception_handlers.py
[2026-09-20T05:55:34Z] [iter=1] HEARTBEAT target_type=call_site elapsed_min=34.0 files_done=63 resolved=1851 errors=1076 current=tests/test_security_oauth2_optional.py
[2026-09-20T05:56:10Z] [iter=1] HEARTBEAT target_type=call_site elapsed_min=34.6 files_done=65 resolved=1851 errors=1096 current=tests/test_tutorial/test_path_operation_advanced_configurations/test_tutorial004.py
[2026-09-20T05:57:41Z] [iter=1] HEARTBEAT target_type=call_site elapsed_min=36.1 files_done=70 resolved=1900 errors=1145 current=tests/test_dependency_wrapped.py
[2026-09-20T06:00:01Z] [iter=1] HEARTBEAT target_type=call_site elapsed_min=38.5 files_done=71 resolved=1911 errors=1223 current=tests/test_request_params/test_query/test_optional_str.py
[2026-09-20T06:00:37Z] [iter=1] HEARTBEAT target_type=call_site elapsed_min=39.1 files_done=72 resolved=1914 errors=1243 current=tests/test_openapi_separate_input_output_schemas.py
[2026-09-20T06:01:13Z] [iter=1] HEARTBEAT target_type=call_site elapsed_min=39.7 files_done=73 resolved=1914 errors=1263 current=tests/test_annotated.py
[2026-09-20T06:01:43Z] [iter=1] HEARTBEAT target_type=call_site elapsed_min=40.2 files_done=74 resolved=1916 errors=1280 current=docs_src/stream_data/tutorial002_py310.py
[2026-09-20T06:02:36Z] [iter=1] HEARTBEAT target_type=call_site elapsed_min=41.0 files_done=77 resolved=1918 errors=1309 current=tests/test_infer_param_optionality.py
[2026-09-20T06:03:14Z] [iter=1] HEARTBEAT target_type=call_site elapsed_min=41.7 files_done=84 resolved=1924 errors=1329 current=fastapi/_compat/shared.py
[2026-09-20T06:04:10Z] [iter=1] HEARTBEAT target_type=call_site elapsed_min=42.6 files_done=85 resolved=1969 errors=1360 current=tests/test_tutorial/test_body/test_tutorial003.py
[2026-09-20T06:05:00Z] [iter=1] HEARTBEAT target_type=call_site elapsed_min=43.4 files_done=88 resolved=1971 errors=1388 current=tests/test_sse.py
[2026-09-20T06:06:01Z] [iter=1] HEARTBEAT target_type=call_site elapsed_min=44.5 files_done=89 resolved=1982 errors=1421 current=tests/test_include_router_defaults_overrides.py
[2026-09-20T06:07:37Z] [iter=1] HEARTBEAT target_type=call_site elapsed_min=46.1 files_done=90 resolved=1986 errors=1474 current=docs_src/sub_applications/tutorial001_py310.py
[2026-09-20T06:08:26Z] [iter=1] HEARTBEAT target_type=call_site elapsed_min=46.9 files_done=95 resolved=1994 errors=1501 current=scripts/tests/test_translation_fixer/test_code_includes/test_number_mismatch.py
[2026-09-20T06:09:06Z] [iter=1] HEARTBEAT target_type=call_site elapsed_min=47.5 files_done=98 resolved=2027 errors=1523 current=tests/test_tutorial/test_websockets/test_tutorial001.py
[2026-09-20T06:10:00Z] [iter=1] HEARTBEAT target_type=call_site elapsed_min=48.4 files_done=101 resolved=2030 errors=1553 current=tests/test_datastructures.py
[2026-09-20T06:10:41Z] [iter=1] HEARTBEAT target_type=call_site elapsed_min=49.1 files_done=104 resolved=2040 errors=1576 current=tests/test_get_request_body.py
[2026-09-20T06:11:16Z] [iter=1] HEARTBEAT target_type=call_site elapsed_min=49.7 files_done=109 resolved=2043 errors=1595 current=tests/test_tutorial/test_debugging/test_tutorial001.py
[2026-09-20T06:12:44Z] [iter=1] HEARTBEAT target_type=call_site elapsed_min=51.2 files_done=113 resolved=2121 errors=1643 current=tests/benchmarks/test_general_performance.py
[2026-09-20T06:14:51Z] [iter=1] HEARTBEAT target_type=call_site elapsed_min=53.3 files_done=114 resolved=2128 errors=1713 current=tests/test_union_body_discriminator.py
[2026-09-20T06:15:47Z] [iter=1] HEARTBEAT target_type=call_site elapsed_min=54.2 files_done=116 resolved=2180 errors=1742 current=tests/test_route_scope.py
[2026-09-20T06:17:10Z] [iter=1] HEARTBEAT target_type=call_site elapsed_min=55.6 files_done=118 resolved=2261 errors=1787 current=tests/test_security_api_key_header.py
[2026-09-20T06:17:51Z] [iter=1] HEARTBEAT target_type=call_site elapsed_min=56.3 files_done=124 resolved=2270 errors=1809 current=docs_src/configure_swagger_ui/tutorial002_py310.py
[2026-09-20T06:18:39Z] [iter=1] HEARTBEAT target_type=call_site elapsed_min=57.1 files_done=130 resolved=2275 errors=1835 current=tests/test_tutorial/test_dependencies/test_tutorial012.py
[2026-09-20T06:19:17Z] [iter=1] HEARTBEAT target_type=call_site elapsed_min=57.7 files_done=132 resolved=2279 errors=1856 current=docs_src/request_forms_and_files/tutorial001_an_py310.py
[2026-09-20T06:20:00Z] [iter=1] HEARTBEAT target_type=call_site elapsed_min=58.5 files_done=140 resolved=2283 errors=1879 current=scripts/playwright/json_base64_bytes/image01.py
[2026-09-20T06:20:48Z] [iter=1] HEARTBEAT target_type=call_site elapsed_min=59.2 files_done=146 resolved=2295 errors=1905 current=tests/test_tutorial/test_custom_response/test_tutorial008.py
[2026-09-20T06:21:35Z] [iter=1] HEARTBEAT target_type=call_site elapsed_min=60.0 files_done=150 resolved=2354 errors=1931 current=docs_src/server_sent_events/tutorial001_py310.py
[2026-09-20T06:22:15Z] [iter=1] HEARTBEAT target_type=call_site elapsed_min=60.7 files_done=154 resolved=2403 errors=1953 current=tests/test_skip_defaults.py
[2026-09-20T06:23:32Z] [iter=1] HEARTBEAT target_type=call_site elapsed_min=62.0 files_done=161 resolved=2424 errors=1995 current=tests/test_security_oauth2.py
[2026-09-20T06:24:38Z] [iter=1] HEARTBEAT target_type=call_site elapsed_min=63.1 files_done=163 resolved=2427 errors=2032 current=tests/test_tutorial/test_cookie_param_models/test_tutorial002.py
[2026-09-20T06:25:14Z] [iter=1] HEARTBEAT target_type=call_site elapsed_min=63.7 files_done=168 resolved=2457 errors=2051 current=tests/test_tutorial/test_path_params_numeric_validations/test_tutorial005.py
[2026-09-20T06:25:45Z] [iter=1] HEARTBEAT target_type=call_site elapsed_min=64.2 files_done=172 resolved=2459 errors=2068 current=docs_src/request_files/tutorial003_an_py310.py
[2026-09-20T06:26:27Z] [iter=1] HEARTBEAT target_type=call_site elapsed_min=64.9 files_done=174 resolved=2460 errors=2091 current=docs_src/wsgi/tutorial001_py310.py
[2026-09-20T06:27:01Z] [iter=1] HEARTBEAT target_type=call_site elapsed_min=65.5 files_done=177 resolved=2465 errors=2110 current=tests/test_response_by_alias.py
[2026-09-20T06:28:25Z] [iter=1] HEARTBEAT target_type=call_site elapsed_min=66.9 files_done=179 resolved=2468 errors=2157 current=tests/test_tutorial/test_body_updates/test_tutorial002.py
[2026-09-20T06:29:30Z] [iter=1] HEARTBEAT target_type=call_site elapsed_min=68.0 files_done=182 resolved=2475 errors=2193 current=tests/test_tutorial/test_security/test_tutorial007.py
[2026-09-20T06:30:19Z] [iter=1] HEARTBEAT target_type=call_site elapsed_min=68.8 files_done=184 resolved=2478 errors=2220 current=tests/test_response_model_include_exclude.py
[2026-09-20T06:31:22Z] [iter=1] HEARTBEAT target_type=call_site elapsed_min=69.8 files_done=186 resolved=2481 errors=2255 current=tests/test_tutorial/test_custom_docs_ui/test_tutorial002.py
[2026-09-20T06:32:52Z] [iter=1] HEARTBEAT target_type=call_site elapsed_min=71.3 files_done=192 resolved=2512 errors=2304 current=docs_src/query_params_str_validations/tutorial004_py310.py
[2026-09-20T06:33:47Z] [iter=1] HEARTBEAT target_type=call_site elapsed_min=72.2 files_done=195 resolved=2516 errors=2335 current=docs_src/app_testing/app_b_an_py310/main.py
[2026-09-20T06:34:35Z] [iter=1] HEARTBEAT target_type=call_site elapsed_min=73.0 files_done=202 resolved=2520 errors=2360 current=tests/test_dependency_duplicates.py
[2026-09-20T06:35:08Z] [iter=1] HEARTBEAT target_type=call_site elapsed_min=73.6 files_done=208 resolved=2524 errors=2378 current=tests/test_ambiguous_params.py
[2026-09-20T06:35:39Z] [iter=1] HEARTBEAT target_type=call_site elapsed_min=74.1 files_done=212 resolved=2526 errors=2395 current=tests/test_security_http_base.py
[2026-09-20T06:36:19Z] [iter=1] HEARTBEAT target_type=call_site elapsed_min=74.8 files_done=217 resolved=2551 errors=2417 current=tests/test_tutorial/test_generate_clients/test_tutorial001.py
[2026-09-20T06:37:16Z] [iter=1] HEARTBEAT target_type=call_site elapsed_min=75.7 files_done=222 resolved=2554 errors=2448 current=tests/test_dump_json_fast_path.py
[2026-09-20T06:37:59Z] [iter=1] HEARTBEAT target_type=call_site elapsed_min=76.4 files_done=224 resolved=2567 errors=2472 current=fastapi/dependencies/models.py
[2026-09-20T06:38:56Z] [iter=1] HEARTBEAT target_type=call_site elapsed_min=77.4 files_done=225 resolved=2611 errors=2504 current=tests/test_ws_dependencies.py
[2026-09-20T06:39:29Z] [iter=1] HEARTBEAT target_type=call_site elapsed_min=77.9 files_done=226 resolved=2618 errors=2522 current=docs_src/query_param_models/tutorial001_py310.py
[2026-09-20T06:40:21Z] [iter=1] HEARTBEAT target_type=call_site elapsed_min=78.8 files_done=230 resolved=2624 errors=2550 current=tests/test_tutorial/test_query_params_str_validations/test_tutorial009.py
[2026-09-20T06:41:04Z] [iter=1] HEARTBEAT target_type=call_site elapsed_min=79.5 files_done=233 resolved=2628 errors=2573 current=tests/test_tutorial/test_custom_response/test_tutorial002_tutorial003_tutorial004.py
[2026-09-20T06:41:53Z] [iter=1] HEARTBEAT target_type=call_site elapsed_min=80.3 files_done=239 resolved=2663 errors=2600 current=docs_src/query_params_str_validations/tutorial008_an_py310.py
[2026-09-20T06:42:26Z] [iter=1] HEARTBEAT target_type=call_site elapsed_min=80.9 files_done=243 resolved=2666 errors=2618 current=tests/test_tutorial/test_dependencies/test_tutorial007.py
[2026-09-20T06:43:22Z] [iter=1] HEARTBEAT target_type=call_site elapsed_min=81.8 files_done=245 resolved=2673 errors=2649 current=tests/test_tutorial/test_request_form_models/test_tutorial002.py
[2026-09-20T06:44:03Z] [iter=1] HEARTBEAT target_type=call_site elapsed_min=82.5 files_done=254 resolved=2696 errors=2671 current=tests/test_tutorial/test_handling_errors/test_tutorial004.py
[2026-09-20T06:44:38Z] [iter=1] HEARTBEAT target_type=call_site elapsed_min=83.1 files_done=260 resolved=2705 errors=2690 current=docs_src/app_testing/app_a_py310/main.py
[2026-09-20T06:45:10Z] [iter=1] HEARTBEAT target_type=call_site elapsed_min=83.6 files_done=264 resolved=2711 errors=2707 current=tests/test_starlette_exception.py
[2026-09-20T06:46:12Z] [iter=1] HEARTBEAT target_type=call_site elapsed_min=84.6 files_done=271 resolved=2722 errors=2741 current=docs_src/cookie_param_models/tutorial002_an_py310.py
[2026-09-20T06:46:43Z] [iter=1] HEARTBEAT target_type=call_site elapsed_min=85.2 files_done=275 resolved=2723 errors=2758 current=tests/test_tutorial/test_path_operation_configurations/test_tutorial002b.py
[2026-09-20T06:48:51Z] [iter=1] HEARTBEAT target_type=call_site elapsed_min=87.3 files_done=280 resolved=2737 errors=2829 current=tests/test_openapi_query_parameter_extension.py
[2026-09-20T06:49:32Z] [iter=1] HEARTBEAT target_type=call_site elapsed_min=88.0 files_done=283 resolved=2749 errors=2852 current=docs_src/sql_databases/tutorial001_an_py310.py
[2026-09-20T06:50:05Z] [iter=1] HEARTBEAT target_type=call_site elapsed_min=88.5 files_done=286 resolved=2752 errors=2869 current=scripts/playwright/separate_openapi_schemas/image05.py
[2026-09-20T06:52:09Z] [iter=1] HEARTBEAT target_type=call_site elapsed_min=90.6 files_done=289 resolved=2757 errors=2938 current=tests/test_optional_file_list.py
[2026-09-20T06:52:46Z] [iter=1] HEARTBEAT target_type=call_site elapsed_min=91.2 files_done=296 resolved=2771 errors=2958 current=tests/test_dependency_partial.py
[2026-09-20T06:53:40Z] [iter=1] HEARTBEAT target_type=call_site elapsed_min=92.1 files_done=297 resolved=2783 errors=2988 current=docs_src/request_forms_and_files/tutorial001_py310.py
[2026-09-20T06:54:45Z] [iter=1] HEARTBEAT target_type=call_site elapsed_min=93.2 files_done=301 resolved=2790 errors=3024 current=tests/test_request_params/test_header/test_list.py
[2026-09-20T06:55:23Z] [iter=1] HEARTBEAT target_type=call_site elapsed_min=93.8 files_done=302 resolved=2793 errors=3045 current=tests/test_tutorial/test_body/test_tutorial004.py
[2026-09-20T06:56:00Z] [iter=1] HEARTBEAT target_type=call_site elapsed_min=94.4 files_done=309 resolved=2815 errors=3064 current=docs_src/security/tutorial002_an_py310.py
[2026-09-20T06:56:30Z] [iter=1] HEARTBEAT target_type=call_site elapsed_min=94.9 files_done=316 resolved=2817 errors=3080 current=tests/test_tutorial/test_handling_errors/test_tutorial006.py
[2026-09-20T06:57:24Z] [iter=1] HEARTBEAT target_type=call_site elapsed_min=95.9 files_done=320 resolved=2826 errors=3110 current=docs_src/dependency_testing/tutorial001_an_py310.py
[2026-09-20T06:57:57Z] [iter=1] HEARTBEAT target_type=call_site elapsed_min=96.4 files_done=323 resolved=2826 errors=3128 current=tests/test_tutorial/test_response_model/test_tutorial003_01.py
[2026-09-20T06:58:30Z] [iter=1] HEARTBEAT target_type=call_site elapsed_min=96.9 files_done=333 resolved=2836 errors=3146 current=docs_src/schema_extra_example/tutorial005_py310.py
[2026-09-20T06:59:37Z] [iter=1] HEARTBEAT target_type=call_site elapsed_min=98.1 files_done=335 resolved=2838 errors=3183 current=tests/test_tutorial/test_background_tasks/test_tutorial001.py
[2026-09-20T07:00:39Z] [iter=1] HEARTBEAT target_type=call_site elapsed_min=99.1 files_done=340 resolved=2887 errors=3216 current=tests/test_stream_bare_type.py
[2026-09-20T07:01:19Z] [iter=1] HEARTBEAT target_type=call_site elapsed_min=99.8 files_done=347 resolved=2892 errors=3237 current=tests/test_tutorial/test_path_operation_advanced_configurations/test_tutorial003.py
[2026-09-20T07:01:49Z] [iter=1] HEARTBEAT target_type=call_site elapsed_min=100.3 files_done=353 resolved=2893 errors=3253 current=tests/test_tutorial/test_path_params_numeric_validations/test_tutorial004.py
[2026-09-20T07:02:29Z] [iter=1] HEARTBEAT target_type=call_site elapsed_min=100.9 files_done=363 resolved=2944 errors=3274 current=tests/test_tutorial/test_query_params_str_validations/test_tutorial001.py
[2026-09-20T07:03:37Z] [iter=1] HEARTBEAT target_type=call_site elapsed_min=102.1 files_done=367 resolved=2949 errors=3311 current=tests/test_tutorial/test_schema_extra_example/test_tutorial005.py
[2026-09-20T07:04:57Z] [iter=1] HEARTBEAT target_type=call_site elapsed_min=103.4 files_done=372 resolved=2960 errors=3354 current=tests/test_tutorial/test_body_nested_models/test_tutorial001_tutorial002_tutorial003.py
[2026-09-20T07:05:31Z] [iter=1] HEARTBEAT target_type=call_site elapsed_min=104.0 files_done=381 resolved=2999 errors=3372 current=docs_src/custom_docs_ui/tutorial001_py310.py
[2026-09-20T07:06:07Z] [iter=1] HEARTBEAT target_type=call_site elapsed_min=104.6 files_done=385 resolved=2999 errors=3392 current=tests/test_custom_schema_fields.py
[2026-09-20T07:06:38Z] [iter=1] HEARTBEAT target_type=call_site elapsed_min=105.1 files_done=390 resolved=3034 errors=3409 current=tests/test_tutorial/test_query_params_str_validations/test_tutorial012.py
[2026-09-20T07:07:12Z] [iter=1] HEARTBEAT target_type=call_site elapsed_min=105.7 files_done=400 resolved=3051 errors=3427 current=tests/test_regex_deprecated_body.py
[2026-09-20T07:07:47Z] [iter=1] HEARTBEAT target_type=call_site elapsed_min=106.2 files_done=405 resolved=3062 errors=3446 current=docs_src/query_params_str_validations/tutorial002_py310.py
[2026-09-20T07:08:20Z] [iter=1] HEARTBEAT target_type=call_site elapsed_min=106.8 files_done=413 resolved=3073 errors=3464 current=tests/test_tutorial/test_openapi_webhooks/test_tutorial001.py
[2026-09-20T07:09:02Z] [iter=1] HEARTBEAT target_type=call_site elapsed_min=107.5 files_done=420 resolved=3081 errors=3487 current=tests/test_tutorial/test_extra_models/test_tutorial001_tutorial002.py
[2026-09-20T07:09:35Z] [iter=1] HEARTBEAT target_type=call_site elapsed_min=108.0 files_done=426 resolved=3088 errors=3505 current=docs_src/dependencies/tutorial008b_py310.py
[2026-09-20T07:10:07Z] [iter=1] HEARTBEAT target_type=call_site elapsed_min=108.6 files_done=431 resolved=3093 errors=3522 current=docs_src/path_params_numeric_validations/tutorial003_py310.py
[2026-09-20T07:10:45Z] [iter=1] HEARTBEAT target_type=call_site elapsed_min=109.2 files_done=441 resolved=3101 errors=3543 current=docs_src/query_params_str_validations/tutorial007_py310.py
[2026-09-20T07:11:16Z] [iter=1] HEARTBEAT target_type=call_site elapsed_min=109.7 files_done=454 resolved=3144 errors=3559 current=tests/test_tutorial/test_custom_response/test_tutorial006b.py
[2026-09-20T07:11:46Z] [iter=1] HEARTBEAT target_type=call_site elapsed_min=110.2 files_done=460 resolved=3146 errors=3575 current=scripts/tests/test_translation_fixer/conftest.py
[2026-09-20T07:12:19Z] [iter=1] HEARTBEAT target_type=call_site elapsed_min=110.8 files_done=464 resolved=3164 errors=3593 current=tests/test_stringified_annotation_dependency_py314.py
[2026-09-20T07:13:04Z] [iter=1] HEARTBEAT target_type=call_site elapsed_min=111.5 files_done=469 resolved=3166 errors=3618 current=tests/test_response_model_default_factory.py
[2026-09-20T07:13:37Z] [iter=1] HEARTBEAT target_type=call_site elapsed_min=112.1 files_done=476 resolved=3169 errors=3636 current=docs_src/dependencies/tutorial008c_an_py310.py
[2026-09-20T07:14:17Z] [iter=1] HEARTBEAT target_type=call_site elapsed_min=112.7 files_done=480 resolved=3170 errors=3658 current=tests/test_tutorial/test_body_nested_models/test_tutorial005.py
[2026-09-20T07:14:49Z] [iter=1] HEARTBEAT target_type=call_site elapsed_min=113.3 files_done=489 resolved=3184 errors=3675 current=docs_src/path_operation_configuration/tutorial002_py310.py
[2026-09-20T07:15:22Z] [iter=1] HEARTBEAT target_type=call_site elapsed_min=113.8 files_done=494 resolved=3186 errors=3693 current=docs_src/header_param_models/tutorial001_an_py310.py
[2026-09-20T07:16:25Z] [iter=1] HEARTBEAT target_type=call_site elapsed_min=114.9 files_done=499 resolved=3189 errors=3728 current=docs_src/sql_databases/tutorial001_py310.py
[2026-09-20T07:16:51Z] [iter=1] CHECKPOINT TRIGGERED elapsed_min=115.3 files_completed=500 new_files_this_iter=500 mem_mb=1069 MB
[2026-09-20T07:16:51Z] [iter=1] Writing partial enrichment graph path=/home/runner/work/forx/forx/storage/aggregate/lsp/25a3697cedc6e7dfb84e93c8ff965801486f00f4.nq.gz triples=51947
[2026-09-20T07:16:52Z] [iter=1] Checkpoint written, exiting with code 7
[2026-09-20T07:16:52Z] [iter=1] PHASE END: enrich (checkpointed) elapsed_s=6918 elapsed_min=115.3 files_completed=500
