[2026-09-26T07:07:36Z] === ENRICH ITERATION 1 START | repo=fastapi/fastapi sha=48d58ae3 ===
[2026-09-26T07:07:36Z] [iter=1] PHASE START: enrich repo=fastapi/fastapi sha=48d58ae3 runlog=/home/runner/work/forx/forx/storage/aggregate/lsp/logs/48d58ae3-enrich-iter-001.log output=/home/runner/work/forx/forx/storage/aggregate/lsp/48d58ae3b6ef4ded5a4794618c00345667256d98.nq.gz
[2026-09-26T07:07:46Z] [iter=1] Step 1: Loading AST into disk-backed store mem_mb=79 MB
[2026-09-26T07:08:23Z] [iter=1] AST store loaded triples=4291188 load_secs=36 mem_mb=923 MB
[2026-09-26T07:08:23Z] [iter=1] Step 2: Finding LSP targets mem_mb=923 MB
[2026-09-26T07:08:26Z] [iter=1] LSP targets found call_sites=15177 imports=68 extends=2 implements=0 secs=3
[2026-09-26T07:08:28Z] [iter=1] Step 2.7: Building position index (one-shot, shared across resolvers) mem_mb=923 MB
[2026-09-26T07:08:57Z] [iter=1] Position index built positions=299532 nodes_with_types=398406 secs=29 mem_mb=923 MB
[2026-09-26T07:08:57Z] [iter=1] Step 3: Starting LSP resolution mem_mb=923 MB already_completed_types=[] already_completed_files=0
[2026-09-26T07:08:57Z] [iter=1] Resolving target type target_type=call_site count=15177
[2026-09-26T07:08:58Z] [iter=1] HEARTBEAT target_type=call_site elapsed_min=1.4 files_done=0 resolved=0 errors=0 current=fastapi/routing.py
[2026-09-26T07:13:27Z] [iter=1] HEARTBEAT target_type=call_site elapsed_min=5.9 files_done=1 resolved=305 errors=142 current=docs_src/response_model/tutorial003_03_py310.py
[2026-09-26T07:13:58Z] [iter=1] HEARTBEAT target_type=call_site elapsed_min=6.4 files_done=6 resolved=313 errors=157 current=docs_src/app_testing/tutorial004_py310.py
[2026-09-26T07:14:57Z] [iter=1] HEARTBEAT target_type=call_site elapsed_min=7.4 files_done=8 resolved=326 errors=189 current=tests/test_request_params/test_file/test_optional_list.py
[2026-09-26T07:15:51Z] [iter=1] HEARTBEAT target_type=call_site elapsed_min=8.3 files_done=9 resolved=330 errors=218 current=tests/test_default_response_class_router.py
[2026-09-26T07:16:41Z] [iter=1] HEARTBEAT target_type=call_site elapsed_min=9.1 files_done=10 resolved=330 errors=245 current=tests/test_path.py
[2026-09-26T07:17:20Z] [iter=1] HEARTBEAT target_type=call_site elapsed_min=9.7 files_done=12 resolved=333 errors=266 current=fastapi/applications.py
[2026-09-26T07:19:08Z] [iter=1] HEARTBEAT target_type=call_site elapsed_min=11.5 files_done=13 resolved=591 errors=323 current=docs_src/request_files/tutorial003_py310.py
[2026-09-26T07:20:04Z] [iter=1] HEARTBEAT target_type=call_site elapsed_min=12.5 files_done=18 resolved=598 errors=352 current=tests/test_generate_unique_id_function.py
[2026-09-26T07:21:21Z] [iter=1] HEARTBEAT target_type=call_site elapsed_min=13.8 files_done=19 resolved=604 errors=394 current=tests/test_forms_from_non_typing_sequences.py
[2026-09-26T07:22:37Z] [iter=1] HEARTBEAT target_type=call_site elapsed_min=15.0 files_done=23 resolved=608 errors=435 current=fastapi/security/oauth2.py
[2026-09-26T07:23:23Z] [iter=1] HEARTBEAT target_type=call_site elapsed_min=15.8 files_done=24 resolved=649 errors=460 current=tests/test_request_params/test_query/test_list.py
[2026-09-26T07:24:02Z] [iter=1] HEARTBEAT target_type=call_site elapsed_min=16.4 files_done=25 resolved=652 errors=481 current=tests/test_infer_param_optionality.py
[2026-09-26T07:25:07Z] [iter=1] HEARTBEAT target_type=call_site elapsed_min=17.5 files_done=27 resolved=656 errors=516 current=tests/test_request_params/test_file/test_optional.py
[2026-09-26T07:26:00Z] [iter=1] HEARTBEAT target_type=call_site elapsed_min=18.4 files_done=28 resolved=660 errors=545 current=fastapi/param_functions.py
[2026-09-26T07:26:54Z] [iter=1] HEARTBEAT target_type=call_site elapsed_min=19.3 files_done=32 resolved=889 errors=573 current=scripts/playwright/query_param_models/image01.py
[2026-09-26T07:27:56Z] [iter=1] HEARTBEAT target_type=call_site elapsed_min=20.3 files_done=36 resolved=903 errors=605 current=tests/test_request_params/test_form/test_required_str.py
[2026-09-26T07:28:49Z] [iter=1] HEARTBEAT target_type=call_site elapsed_min=21.2 files_done=37 resolved=906 errors=634 current=tests/test_validation_error_context.py
[2026-09-26T07:29:25Z] [iter=1] HEARTBEAT target_type=call_site elapsed_min=21.8 files_done=38 resolved=913 errors=653 current=tests/test_tutorial/test_schema_extra_example/test_tutorial003.py
[2026-09-26T07:31:02Z] [iter=1] HEARTBEAT target_type=call_site elapsed_min=23.4 files_done=42 resolved=971 errors=705 current=tests/test_dependency_contextmanager.py
[2026-09-26T07:32:48Z] [iter=1] HEARTBEAT target_type=call_site elapsed_min=25.2 files_done=43 resolved=984 errors=762 current=tests/test_security_api_key_query.py
[2026-09-26T07:33:38Z] [iter=1] HEARTBEAT target_type=call_site elapsed_min=26.0 files_done=45 resolved=1216 errors=787 current=tests/test_include_router_defaults_overrides.py
[2026-09-26T07:35:16Z] [iter=1] HEARTBEAT target_type=call_site elapsed_min=27.7 files_done=46 resolved=1220 errors=840 current=tests/test_tutorial/test_path_params/test_tutorial005.py
[2026-09-26T07:36:10Z] [iter=1] HEARTBEAT target_type=call_site elapsed_min=28.6 files_done=48 resolved=1223 errors=869 current=tests/test_request_params/test_body/test_optional_str.py
[2026-09-26T07:36:57Z] [iter=1] HEARTBEAT target_type=call_site elapsed_min=29.4 files_done=49 resolved=1226 errors=894 current=tests/test_ws_router.py
[2026-09-26T07:37:57Z] [iter=1] HEARTBEAT target_type=call_site elapsed_min=30.4 files_done=50 resolved=1230 errors=926 current=tests/test_security_oauth2_password_bearer_optional_description.py
[2026-09-26T07:39:19Z] [iter=1] HEARTBEAT target_type=call_site elapsed_min=31.7 files_done=53 resolved=1390 errors=970 current=tests/test_ambiguous_params.py
[2026-09-26T07:40:00Z] [iter=1] HEARTBEAT target_type=call_site elapsed_min=32.4 files_done=55 resolved=1391 errors=992 current=tests/test_union_body_discriminator_annotated.py
[2026-09-26T07:40:36Z] [iter=1] HEARTBEAT target_type=call_site elapsed_min=33.0 files_done=63 resolved=1405 errors=1010 current=tests/test_request_params/test_header/test_required_str.py
[2026-09-26T07:41:15Z] [iter=1] HEARTBEAT target_type=call_site elapsed_min=33.7 files_done=64 resolved=1408 errors=1031 current=docs_src/request_files/tutorial002_an_py310.py
[2026-09-26T07:44:40Z] [iter=1] HEARTBEAT target_type=call_site elapsed_min=37.1 files_done=68 resolved=1548 errors=1141 current=docs_src/schema_extra_example/tutorial002_py310.py
[2026-09-26T07:45:56Z] [iter=1] HEARTBEAT target_type=call_site elapsed_min=38.3 files_done=75 resolved=1598 errors=1180 current=docs_src/path_operation_configuration/tutorial002_py310.py
[2026-09-26T07:47:10Z] [iter=1] HEARTBEAT target_type=call_site elapsed_min=39.6 files_done=80 resolved=1628 errors=1220 current=docs_src/security/tutorial004_py310.py
[2026-09-26T07:47:51Z] [iter=1] HEARTBEAT target_type=call_site elapsed_min=40.3 files_done=81 resolved=1630 errors=1242 current=docs_src/cookie_params/tutorial001_an_py310.py
[2026-09-26T07:48:35Z] [iter=1] HEARTBEAT target_type=call_site elapsed_min=41.0 files_done=83 resolved=1633 errors=1266 current=tests/test_strict_content_type_nested.py
[2026-09-26T07:49:12Z] [iter=1] HEARTBEAT target_type=call_site elapsed_min=41.6 files_done=85 resolved=1652 errors=1286 current=tests/test_tutorial/test_dependencies/test_tutorial001_tutorial001_02.py
[2026-09-26T07:50:35Z] [iter=1] HEARTBEAT target_type=call_site elapsed_min=43.0 files_done=87 resolved=1653 errors=1331 current=tests/test_dependency_overrides.py
[2026-09-26T07:51:07Z] [iter=1] HEARTBEAT target_type=call_site elapsed_min=43.5 files_done=89 resolved=1654 errors=1348 current=tests/test_request_params/test_file/test_list.py
[2026-09-26T07:52:01Z] [iter=1] HEARTBEAT target_type=call_site elapsed_min=44.4 files_done=90 resolved=1658 errors=1377 current=tests/test_validate_response.py
[2026-09-26T07:53:22Z] [iter=1] HEARTBEAT target_type=call_site elapsed_min=45.8 files_done=92 resolved=1664 errors=1421 current=tests/main.py
[2026-09-26T07:55:18Z] [iter=1] HEARTBEAT target_type=call_site elapsed_min=47.7 files_done=93 resolved=1667 errors=1484 current=tests/test_tutorial/test_configure_swagger_ui/test_tutorial003.py
[2026-09-26T07:56:12Z] [iter=1] HEARTBEAT target_type=call_site elapsed_min=48.6 files_done=98 resolved=1679 errors=1513 current=docs_src/dependencies/tutorial008b_py310.py
[2026-09-26T07:56:53Z] [iter=1] HEARTBEAT target_type=call_site elapsed_min=49.3 files_done=109 resolved=1689 errors=1534 current=tests/test_tutorial/test_dataclasses/test_tutorial001.py
[2026-09-26T07:57:27Z] [iter=1] HEARTBEAT target_type=call_site elapsed_min=49.9 files_done=112 resolved=1742 errors=1552 current=tests/test_security_oauth2_authorization_code_bearer_scopes_openapi.py
[2026-09-26T07:58:33Z] [iter=1] HEARTBEAT target_type=call_site elapsed_min=51.0 files_done=114 resolved=1745 errors=1588 current=tests/test_tutorial/test_security/test_tutorial004.py
[2026-09-26T07:59:05Z] [iter=1] HEARTBEAT target_type=call_site elapsed_min=51.5 files_done=119 resolved=1761 errors=1605 current=tests/test_request_params/test_form/test_optional_str.py
[2026-09-26T07:59:59Z] [iter=1] HEARTBEAT target_type=call_site elapsed_min=52.4 files_done=120 resolved=1764 errors=1634 current=tests/test_dependency_paramless.py
[2026-09-26T08:00:52Z] [iter=1] HEARTBEAT target_type=call_site elapsed_min=53.3 files_done=122 resolved=1771 errors=1663 current=scripts/translate.py
[2026-09-26T08:01:43Z] [iter=1] HEARTBEAT target_type=call_site elapsed_min=54.1 files_done=123 resolved=1969 errors=1689 current=tests/test_tutorial/test_header_params/test_tutorial001.py
[2026-09-26T08:02:27Z] [iter=1] HEARTBEAT target_type=call_site elapsed_min=54.9 files_done=127 resolved=1972 errors=1713 current=tests/test_response_model_as_return_annotation.py
[2026-09-26T08:04:24Z] [iter=1] HEARTBEAT target_type=call_site elapsed_min=56.8 files_done=128 resolved=1978 errors=1776 current=tests/test_security_http_digest_description.py
[2026-09-26T08:05:22Z] [iter=1] HEARTBEAT target_type=call_site elapsed_min=57.8 files_done=133 resolved=1983 errors=1807 current=tests/test_arbitrary_types.py
[2026-09-26T08:06:35Z] [iter=1] HEARTBEAT target_type=call_site elapsed_min=59.0 files_done=137 resolved=2016 errors=1846 current=fastapi/dependencies/models.py
[2026-09-26T08:07:34Z] [iter=1] HEARTBEAT target_type=call_site elapsed_min=60.0 files_done=138 resolved=2060 errors=1878 current=scripts/topic_repos.py
[2026-09-26T08:08:34Z] [iter=1] HEARTBEAT target_type=call_site elapsed_min=61.0 files_done=140 resolved=2090 errors=1910 current=tests/test_tutorial/test_body_multiple_params/test_tutorial002.py
[2026-09-26T08:09:06Z] [iter=1] HEARTBEAT target_type=call_site elapsed_min=61.5 files_done=144 resolved=2092 errors=1927 current=tests/test_request_params/test_header/test_list.py
[2026-09-26T08:09:46Z] [iter=1] HEARTBEAT target_type=call_site elapsed_min=62.2 files_done=145 resolved=2095 errors=1948 current=tests/test_tutorial/test_query_param_models/test_tutorial002.py
[2026-09-26T08:12:07Z] [iter=1] HEARTBEAT target_type=call_site elapsed_min=64.5 files_done=150 resolved=2126 errors=2024 current=docs_src/path_params_numeric_validations/tutorial003_py310.py
[2026-09-26T08:13:33Z] [iter=1] HEARTBEAT target_type=call_site elapsed_min=66.0 files_done=154 resolved=2172 errors=2070 current=tests/test_dependency_after_yield_streaming.py
[2026-09-26T08:14:09Z] [iter=1] HEARTBEAT target_type=call_site elapsed_min=66.6 files_done=158 resolved=2181 errors=2089 current=docs_src/bigger_applications/app_an_py310/routers/users.py
[2026-09-26T08:15:12Z] [iter=1] HEARTBEAT target_type=call_site elapsed_min=67.6 files_done=162 resolved=2185 errors=2123 current=tests/test_tutorial/test_dataclasses/test_tutorial003.py
[2026-09-26T08:16:11Z] [iter=1] HEARTBEAT target_type=call_site elapsed_min=68.6 files_done=167 resolved=2258 errors=2154 current=docs_src/path_operation_configuration/tutorial005_py310.py
[2026-09-26T08:17:07Z] [iter=1] HEARTBEAT target_type=call_site elapsed_min=69.5 files_done=176 resolved=2282 errors=2184 current=fastapi/openapi/utils.py
[2026-09-26T08:18:24Z] [iter=1] HEARTBEAT target_type=call_site elapsed_min=70.8 files_done=177 resolved=2360 errors=2225 current=docs_src/bigger_applications/app_an_py310/dependencies.py
[2026-09-26T08:19:10Z] [iter=1] HEARTBEAT target_type=call_site elapsed_min=71.6 files_done=186 resolved=2374 errors=2249 current=tests/test_tutorial/test_response_model/test_tutorial003_03.py
[2026-09-26T08:19:41Z] [iter=1] HEARTBEAT target_type=call_site elapsed_min=72.1 files_done=188 resolved=2375 errors=2266 current=tests/test_security_api_key_cookie.py
[2026-09-26T08:22:16Z] [iter=1] HEARTBEAT target_type=call_site elapsed_min=74.7 files_done=190 resolved=2386 errors=2350 current=tests/test_swagger_ui_init_oauth.py
[2026-09-26T08:22:48Z] [iter=1] HEARTBEAT target_type=call_site elapsed_min=75.2 files_done=199 resolved=2419 errors=2367 current=tests/test_openapi_servers.py
[2026-09-26T08:23:19Z] [iter=1] HEARTBEAT target_type=call_site elapsed_min=75.7 files_done=205 resolved=2427 errors=2383 current=tests/test_tutorial/test_request_files/test_tutorial001_02.py
[2026-09-26T08:24:31Z] [iter=1] HEARTBEAT target_type=call_site elapsed_min=76.9 files_done=208 resolved=2433 errors=2422 current=tests/test_dependency_after_yield_websockets.py
[2026-09-26T08:25:14Z] [iter=1] HEARTBEAT target_type=call_site elapsed_min=77.6 files_done=212 resolved=2436 errors=2445 current=docs_src/extra_models/tutorial002_py310.py
[2026-09-26T08:25:57Z] [iter=1] HEARTBEAT target_type=call_site elapsed_min=78.4 files_done=217 resolved=2440 errors=2468 current=tests/test_tutorial/test_behind_a_proxy/test_tutorial004.py
[2026-09-26T08:26:49Z] [iter=1] HEARTBEAT target_type=call_site elapsed_min=79.2 files_done=221 resolved=2447 errors=2496 current=docs_src/response_model/tutorial006_py310.py
[2026-09-26T08:27:19Z] [iter=1] HEARTBEAT target_type=call_site elapsed_min=79.7 files_done=228 resolved=2451 errors=2512 current=tests/test_tutorial/test_extra_models/test_tutorial004.py
[2026-09-26T08:27:53Z] [iter=1] HEARTBEAT target_type=call_site elapsed_min=80.3 files_done=233 resolved=2469 errors=2530 current=tests/test_tutorial/test_dependencies/test_tutorial011.py
[2026-09-26T08:28:27Z] [iter=1] HEARTBEAT target_type=call_site elapsed_min=80.8 files_done=241 resolved=2472 errors=2548 current=docs_src/header_params/tutorial001_py310.py
[2026-09-26T08:29:09Z] [iter=1] HEARTBEAT target_type=call_site elapsed_min=81.6 files_done=248 resolved=2476 errors=2571 current=fastapi/openapi/docs.py
[2026-09-26T08:29:43Z] [iter=1] HEARTBEAT target_type=call_site elapsed_min=82.1 files_done=251 resolved=2497 errors=2589 current=tests/test_tutorial/test_websockets/test_tutorial003.py
[2026-09-26T08:30:15Z] [iter=1] HEARTBEAT target_type=call_site elapsed_min=82.7 files_done=257 resolved=2558 errors=2606 current=tests/test_strict_content_type_app_level.py
[2026-09-26T08:30:56Z] [iter=1] HEARTBEAT target_type=call_site elapsed_min=83.3 files_done=261 resolved=2560 errors=2628 current=tests/test_security_http_bearer_optional.py
[2026-09-26T08:32:07Z] [iter=1] HEARTBEAT target_type=call_site elapsed_min=84.5 files_done=264 resolved=2561 errors=2666 current=tests/forward_reference_type.py
[2026-09-26T08:32:44Z] [iter=1] HEARTBEAT target_type=call_site elapsed_min=85.1 files_done=266 resolved=2562 errors=2686 current=tests/test_dependency_cache.py
[2026-09-26T08:33:24Z] [iter=1] HEARTBEAT target_type=call_site elapsed_min=85.8 files_done=268 resolved=2562 errors=2707 current=tests/test_http_connection_injection.py
[2026-09-26T08:33:54Z] [iter=1] HEARTBEAT target_type=call_site elapsed_min=86.3 files_done=276 resolved=2567 errors=2723 current=tests/test_response_dependency.py
[2026-09-26T08:34:37Z] [iter=1] HEARTBEAT target_type=call_site elapsed_min=87.0 files_done=277 resolved=2568 errors=2746 current=tests/test_depends_hashable.py
[2026-09-26T08:35:14Z] [iter=1] HEARTBEAT target_type=call_site elapsed_min=87.6 files_done=284 resolved=2580 errors=2765 current=tests/test_tutorial/test_additional_responses/test_tutorial002.py
[2026-09-26T08:35:52Z] [iter=1] HEARTBEAT target_type=call_site elapsed_min=88.3 files_done=289 resolved=2594 errors=2785 current=tests/test_security_api_key_header_description.py
[2026-09-26T08:36:29Z] [iter=1] HEARTBEAT target_type=call_site elapsed_min=88.9 files_done=292 resolved=2597 errors=2805 current=docs_src/security/tutorial002_py310.py
[2026-09-26T08:37:03Z] [iter=1] HEARTBEAT target_type=call_site elapsed_min=89.5 files_done=296 resolved=2601 errors=2823 current=tests/test_datetime_custom_encoder.py
[2026-09-26T08:38:02Z] [iter=1] HEARTBEAT target_type=call_site elapsed_min=90.4 files_done=299 resolved=2605 errors=2855 current=tests/test_tutorial/test_additional_status_codes/test_tutorial001.py
[2026-09-26T08:38:50Z] [iter=1] HEARTBEAT target_type=call_site elapsed_min=91.2 files_done=302 resolved=2638 errors=2880 current=tests/test_tutorial/test_response_cookies/test_tutorial002.py
[2026-09-26T08:39:20Z] [iter=1] HEARTBEAT target_type=call_site elapsed_min=91.7 files_done=307 resolved=2640 errors=2896 current=tests/test_tutorial/test_request_files/test_tutorial001.py
[2026-09-26T08:39:53Z] [iter=1] HEARTBEAT target_type=call_site elapsed_min=92.3 files_done=313 resolved=2646 errors=2913 current=tests/test_tutorial/test_testing/test_main_b.py
[2026-09-26T08:40:25Z] [iter=1] HEARTBEAT target_type=call_site elapsed_min=92.8 files_done=320 resolved=2650 errors=2930 current=tests/test_modules_same_name_body/app/a.py
[2026-09-26T08:41:17Z] [iter=1] HEARTBEAT target_type=call_site elapsed_min=93.7 files_done=325 resolved=2698 errors=2958 current=docs_src/request_files/tutorial002_py310.py
[2026-09-26T08:41:59Z] [iter=1] HEARTBEAT target_type=call_site elapsed_min=94.4 files_done=330 resolved=2709 errors=2980 current=tests/test_security_scopes_sub_dependency.py
[2026-09-26T08:42:34Z] [iter=1] HEARTBEAT target_type=call_site elapsed_min=95.0 files_done=333 resolved=2739 errors=2999 current=tests/test_no_schema_split.py
[2026-09-26T08:43:45Z] [iter=1] HEARTBEAT target_type=call_site elapsed_min=96.2 files_done=335 resolved=2742 errors=3037 current=tests/test_tutorial/test_dependencies/test_tutorial002_tutorial003_tutorial004.py
[2026-09-26T08:44:32Z] [iter=1] HEARTBEAT target_type=call_site elapsed_min=96.9 files_done=340 resolved=2749 errors=3062 current=tests/benchmarks/test_general_performance.py
[2026-09-26T08:46:43Z] [iter=1] HEARTBEAT target_type=call_site elapsed_min=99.1 files_done=341 resolved=2756 errors=3132 current=scripts/playwright/cookie_param_models/image01.py
[2026-09-26T08:47:16Z] [iter=1] HEARTBEAT target_type=call_site elapsed_min=99.7 files_done=344 resolved=2766 errors=3150 current=scripts/sponsors.py
[2026-09-26T08:47:49Z] [iter=1] HEARTBEAT target_type=call_site elapsed_min=100.2 files_done=352 resolved=2835 errors=3166 current=tests/test_tutorial/test_dependencies/test_tutorial005.py
[2026-09-26T08:48:32Z] [iter=1] HEARTBEAT target_type=call_site elapsed_min=100.9 files_done=359 resolved=2865 errors=3189 current=docs_src/custom_response/tutorial002_py310.py
[2026-09-26T08:49:03Z] [iter=1] HEARTBEAT target_type=call_site elapsed_min=101.5 files_done=366 resolved=2872 errors=3206 current=tests/test_tutorial/test_cookie_param_models/test_tutorial001.py
[2026-09-26T08:49:36Z] [iter=1] HEARTBEAT target_type=call_site elapsed_min=102.0 files_done=372 resolved=2874 errors=3223 current=docs_src/python_types/tutorial001_py310.py
[2026-09-26T08:50:06Z] [iter=1] HEARTBEAT target_type=call_site elapsed_min=102.5 files_done=379 resolved=2879 errors=3239 current=tests/test_invalid_path_param.py
[2026-09-26T08:50:39Z] [iter=1] HEARTBEAT target_type=call_site elapsed_min=103.1 files_done=382 resolved=2880 errors=3257 current=tests/test_tutorial/test_response_headers/test_tutorial002.py
[2026-09-26T08:51:17Z] [iter=1] HEARTBEAT target_type=call_site elapsed_min=103.7 files_done=395 resolved=2898 errors=3277 current=tests/test_tutorial/test_additional_responses/test_tutorial001.py
[2026-09-26T08:51:57Z] [iter=1] HEARTBEAT target_type=call_site elapsed_min=104.4 files_done=397 resolved=2920 errors=3299 current=tests/test_tutorial/test_body_multiple_params/test_tutorial004.py
[2026-09-26T08:52:29Z] [iter=1] HEARTBEAT target_type=call_site elapsed_min=104.9 files_done=401 resolved=2927 errors=3316 current=docs_src/bigger_applications/app_an_py310/routers/items.py
[2026-09-26T08:53:03Z] [iter=1] HEARTBEAT target_type=call_site elapsed_min=105.5 files_done=406 resolved=2940 errors=3334 current=tests/test_tutorial/test_path_params/test_tutorial004.py
[2026-09-26T08:54:02Z] [iter=1] HEARTBEAT target_type=call_site elapsed_min=106.4 files_done=410 resolved=2991 errors=3364 current=tests/test_tutorial/test_body/test_tutorial002.py
[2026-09-26T08:54:37Z] [iter=1] HEARTBEAT target_type=call_site elapsed_min=107.0 files_done=419 resolved=2999 errors=3382 current=docs_src/query_params_str_validations/tutorial014_py310.py
[2026-09-26T08:55:08Z] [iter=1] HEARTBEAT target_type=call_site elapsed_min=107.5 files_done=422 resolved=2999 errors=3399 current=tests/test_tutorial/test_request_files/test_tutorial002.py
[2026-09-26T08:55:39Z] [iter=1] HEARTBEAT target_type=call_site elapsed_min=108.1 files_done=429 resolved=3000 errors=3415 current=docs_src/dependencies/tutorial005_py310.py
[2026-09-26T08:56:28Z] [iter=1] HEARTBEAT target_type=call_site elapsed_min=108.9 files_done=431 resolved=3002 errors=3442 current=docs_src/bigger_applications/app_an_py310/main.py
[2026-09-26T08:57:03Z] [iter=1] HEARTBEAT target_type=call_site elapsed_min=109.5 files_done=439 resolved=3013 errors=3460 current=docs_src/cors/tutorial001_py310.py
[2026-09-26T08:57:36Z] [iter=1] HEARTBEAT target_type=call_site elapsed_min=110.0 files_done=445 resolved=3016 errors=3478 current=docs_src/generate_clients/tutorial001_py310.py
[2026-09-26T08:58:09Z] [iter=1] HEARTBEAT target_type=call_site elapsed_min=110.6 files_done=452 resolved=3019 errors=3496 current=docs_src/dependencies/tutorial013_an_py310.py
[2026-09-26T08:58:52Z] [iter=1] HEARTBEAT target_type=call_site elapsed_min=111.3 files_done=454 resolved=3021 errors=3519 current=tests/test_tutorial/test_python_types/test_tutorial004.py
[2026-09-26T08:59:31Z] [iter=1] HEARTBEAT target_type=call_site elapsed_min=111.9 files_done=461 resolved=3035 errors=3540 current=docs_src/conditional_openapi/tutorial001_py310.py
[2026-09-26T09:00:15Z] [iter=1] HEARTBEAT target_type=call_site elapsed_min=112.7 files_done=467 resolved=3037 errors=3564 current=scripts/playwright/separate_openapi_schemas/image02.py
[2026-09-26T09:00:49Z] [iter=1] HEARTBEAT target_type=call_site elapsed_min=113.2 files_done=477 resolved=3055 errors=3582 current=tests/test_security_http_basic_optional.py
[2026-09-26T09:01:27Z] [iter=1] HEARTBEAT target_type=call_site elapsed_min=113.9 files_done=481 resolved=3067 errors=3602 current=docs_src/header_param_models/tutorial003_an_py310.py
[2026-09-26T09:01:57Z] [iter=1] HEARTBEAT target_type=call_site elapsed_min=114.4 files_done=488 resolved=3068 errors=3618 current=docs_src/body_nested_models/tutorial004_py310.py
[2026-09-26T09:02:59Z] [iter=1] HEARTBEAT target_type=call_site elapsed_min=115.4 files_done=494 resolved=3085 errors=3651 current=tests/test_no_swagger_ui_redirect.py
[2026-09-26T09:03:13Z] [iter=1] CHECKPOINT TRIGGERED elapsed_min=115.6 files_completed=500 new_files_this_iter=500 mem_mb=980 MB
[2026-09-26T09:03:13Z] [iter=1] Writing partial enrichment graph path=/home/runner/work/forx/forx/storage/aggregate/lsp/48d58ae3b6ef4ded5a4794618c00345667256d98.nq.gz triples=51047
[2026-09-26T09:03:13Z] [iter=1] Checkpoint written, exiting with code 7
[2026-09-26T09:03:13Z] [iter=1] PHASE END: enrich (checkpointed) elapsed_s=6937 elapsed_min=115.6 files_completed=500
