[2026-09-20T21:11:41Z] === ENRICH ITERATION 1 START | repo=fastapi/fastapi sha=ca5f60ee ===
[2026-09-20T21:11:41Z] [iter=1] PHASE START: enrich repo=fastapi/fastapi sha=ca5f60ee runlog=/home/runner/work/forx/forx/storage/aggregate/lsp/logs/ca5f60ee-enrich-iter-001.log output=/home/runner/work/forx/forx/storage/aggregate/lsp/ca5f60ee72f35fb2134d8b5d26bbb75965bcff66.nq.gz
[2026-09-20T21:11:52Z] [iter=1] Step 1: Loading AST into disk-backed store mem_mb=80 MB
[2026-09-20T21:12:30Z] [iter=1] AST store loaded triples=4352027 load_secs=36 mem_mb=999 MB
[2026-09-20T21:12:30Z] [iter=1] Step 2: Finding LSP targets mem_mb=999 MB
[2026-09-20T21:12:32Z] [iter=1] LSP targets found call_sites=15459 imports=0 extends=0 implements=0 secs=3
[2026-09-20T21:12:34Z] [iter=1] Step 2.7: Building position index (one-shot, shared across resolvers) mem_mb=999 MB
[2026-09-20T21:12:59Z] [iter=1] Position index built positions=303762 nodes_with_types=404003 secs=26 mem_mb=1000 MB
[2026-09-20T21:12:59Z] [iter=1] Step 3: Starting LSP resolution mem_mb=1000 MB already_completed_types=[] already_completed_files=0
[2026-09-20T21:12:59Z] [iter=1] Resolving target type target_type=call_site count=15459
[2026-09-20T21:13:00Z] [iter=1] HEARTBEAT target_type=call_site elapsed_min=1.3 files_done=0 resolved=0 errors=0 current=fastapi/applications.py
[2026-09-20T21:14:28Z] [iter=1] HEARTBEAT target_type=call_site elapsed_min=2.8 files_done=1 resolved=258 errors=57 current=tests/test_tutorial/test_dependencies/test_tutorial008d.py
[2026-09-20T21:15:22Z] [iter=1] HEARTBEAT target_type=call_site elapsed_min=3.7 files_done=3 resolved=417 errors=92 current=tests/test_file_and_form_order_issue_9116.py
[2026-09-20T21:17:20Z] [iter=1] HEARTBEAT target_type=call_site elapsed_min=5.7 files_done=7 resolved=429 errors=171 current=tests/test_dependency_wrapped.py
[2026-09-20T21:19:14Z] [iter=1] HEARTBEAT target_type=call_site elapsed_min=7.6 files_done=8 resolved=440 errors=249 current=tests/test_tutorial/test_path_params_numeric_validations/test_tutorial004.py
[2026-09-20T21:20:15Z] [iter=1] HEARTBEAT target_type=call_site elapsed_min=8.6 files_done=13 resolved=455 errors=290 current=tests/test_request_params/test_body/test_optional_str.py
[2026-09-20T21:20:53Z] [iter=1] HEARTBEAT target_type=call_site elapsed_min=9.2 files_done=14 resolved=458 errors=315 current=tests/test_serialize_response_dataclass.py
[2026-09-20T21:21:24Z] [iter=1] HEARTBEAT target_type=call_site elapsed_min=9.7 files_done=17 resolved=459 errors=336 current=tests/test_request_params/test_header/test_optional_list.py
[2026-09-20T21:21:55Z] [iter=1] HEARTBEAT target_type=call_site elapsed_min=10.2 files_done=18 resolved=462 errors=357 current=tests/test_tutorial/test_query_params_str_validations/test_tutorial008.py
[2026-09-20T21:22:32Z] [iter=1] HEARTBEAT target_type=call_site elapsed_min=10.9 files_done=21 resolved=468 errors=382 current=scripts/notify_translations.py
[2026-09-20T21:23:31Z] [iter=1] HEARTBEAT target_type=call_site elapsed_min=11.8 files_done=23 resolved=545 errors=421 current=tests/test_tutorial/test_response_model/test_tutorial003.py
[2026-09-20T21:24:02Z] [iter=1] HEARTBEAT target_type=call_site elapsed_min=12.3 files_done=25 resolved=549 errors=442 current=tests/test_starlette_exception.py
[2026-09-20T21:25:10Z] [iter=1] HEARTBEAT target_type=call_site elapsed_min=13.5 files_done=29 resolved=556 errors=488 current=fastapi/param_functions.py
[2026-09-20T21:25:50Z] [iter=1] HEARTBEAT target_type=call_site elapsed_min=14.2 files_done=31 resolved=791 errors=515 current=docs_src/security/tutorial004_an_py310.py
[2026-09-20T21:26:22Z] [iter=1] HEARTBEAT target_type=call_site elapsed_min=14.7 files_done=32 resolved=793 errors=537 current=tests/test_route_scope.py
[2026-09-20T21:27:17Z] [iter=1] HEARTBEAT target_type=call_site elapsed_min=15.6 files_done=34 resolved=804 errors=573 current=tests/test_tutorial/test_body/test_tutorial001.py
[2026-09-20T21:27:53Z] [iter=1] HEARTBEAT target_type=call_site elapsed_min=16.2 files_done=37 resolved=809 errors=597 current=tests/test_tutorial/test_path_operation_configurations/test_tutorial002.py
[2026-09-20T21:28:35Z] [iter=1] HEARTBEAT target_type=call_site elapsed_min=16.9 files_done=40 resolved=870 errors=625 current=tests/test_tutorial/test_server_sent_events/test_tutorial003.py
[2026-09-20T21:30:56Z] [iter=1] HEARTBEAT target_type=call_site elapsed_min=19.2 files_done=42 resolved=1009 errors=720 current=tests/test_dependency_cache.py
[2026-09-20T21:31:37Z] [iter=1] HEARTBEAT target_type=call_site elapsed_min=19.9 files_done=45 resolved=1010 errors=748 current=tests/test_starlette_urlconvertors.py
[2026-09-20T21:32:23Z] [iter=1] HEARTBEAT target_type=call_site elapsed_min=20.7 files_done=48 resolved=1247 errors=776 current=tests/test_jsonable_encoder.py
[2026-09-20T21:34:09Z] [iter=1] HEARTBEAT target_type=call_site elapsed_min=22.5 files_done=49 resolved=1273 errors=849 current=tests/test_request_params/test_body/test_list.py
[2026-09-20T21:34:46Z] [iter=1] HEARTBEAT target_type=call_site elapsed_min=23.1 files_done=50 resolved=1276 errors=874 current=tests/test_request_params/test_query/test_list.py
[2026-09-20T21:35:17Z] [iter=1] HEARTBEAT target_type=call_site elapsed_min=23.6 files_done=51 resolved=1279 errors=895 current=docs_src/path_params_numeric_validations/tutorial006_py310.py
[2026-09-20T21:36:07Z] [iter=1] HEARTBEAT target_type=call_site elapsed_min=24.4 files_done=57 resolved=1288 errors=929 current=tests/test_request_params/test_file/test_optional_list.py
[2026-09-20T21:36:49Z] [iter=1] HEARTBEAT target_type=call_site elapsed_min=25.1 files_done=58 resolved=1292 errors=958 current=docs_src/query_params_str_validations/tutorial006_py310.py
[2026-09-20T21:37:31Z] [iter=1] HEARTBEAT target_type=call_site elapsed_min=25.8 files_done=63 resolved=1297 errors=986 current=tests/test_get_model_definitions_formfeed_escape.py
[2026-09-20T21:38:21Z] [iter=1] HEARTBEAT target_type=call_site elapsed_min=26.7 files_done=67 resolved=1301 errors=1020 current=tests/test_tutorial/test_bigger_applications/test_main.py
[2026-09-20T21:39:01Z] [iter=1] HEARTBEAT target_type=call_site elapsed_min=27.3 files_done=72 resolved=1305 errors=1046 current=tests/test_request_params/test_cookie/test_optional_str.py
[2026-09-20T21:39:32Z] [iter=1] HEARTBEAT target_type=call_site elapsed_min=27.8 files_done=73 resolved=1308 errors=1067 current=tests/test_serialize_response_model.py
[2026-09-20T21:40:08Z] [iter=1] HEARTBEAT target_type=call_site elapsed_min=28.5 files_done=74 resolved=1309 errors=1092 current=tests/test_response_by_alias.py
[2026-09-20T21:41:33Z] [iter=1] HEARTBEAT target_type=call_site elapsed_min=29.9 files_done=76 resolved=1311 errors=1150 current=tests/test_schema_extra_examples.py
[2026-09-20T21:42:23Z] [iter=1] HEARTBEAT target_type=call_site elapsed_min=30.7 files_done=77 resolved=1312 errors=1184 current=scripts/translate.py
[2026-09-20T21:43:03Z] [iter=1] HEARTBEAT target_type=call_site elapsed_min=31.4 files_done=78 resolved=1510 errors=1210 current=docs_src/custom_response/tutorial001b_py310.py
[2026-09-20T21:44:23Z] [iter=1] HEARTBEAT target_type=call_site elapsed_min=32.7 files_done=83 resolved=1522 errors=1264 current=fastapi/routing.py
[2026-09-20T21:48:13Z] [iter=1] HEARTBEAT target_type=call_site elapsed_min=36.5 files_done=84 resolved=1842 errors=1419 current=tests/test_dependency_yield_scope_websockets.py
[2026-09-20T21:48:55Z] [iter=1] HEARTBEAT target_type=call_site elapsed_min=37.2 files_done=87 resolved=1846 errors=1447 current=fastapi/security/http.py
[2026-09-20T21:49:27Z] [iter=1] HEARTBEAT target_type=call_site elapsed_min=37.8 files_done=88 resolved=1868 errors=1469 current=tests/test_tutorial/test_metadata/test_tutorial003.py
[2026-09-20T21:50:11Z] [iter=1] HEARTBEAT target_type=call_site elapsed_min=38.5 files_done=91 resolved=1909 errors=1499 current=docs_src/header_param_models/tutorial001_an_py310.py
[2026-09-20T21:51:47Z] [iter=1] HEARTBEAT target_type=call_site elapsed_min=40.1 files_done=94 resolved=1925 errors=1564 current=tests/test_multipart_installation.py
[2026-09-20T21:52:42Z] [iter=1] HEARTBEAT target_type=call_site elapsed_min=41.0 files_done=95 resolved=1947 errors=1601 current=tests/main.py
[2026-09-20T21:54:14Z] [iter=1] HEARTBEAT target_type=call_site elapsed_min=42.6 files_done=96 resolved=1950 errors=1664 current=tests/test_tutorial/test_additional_responses/test_tutorial004.py
[2026-09-20T21:55:09Z] [iter=1] HEARTBEAT target_type=call_site elapsed_min=43.5 files_done=99 resolved=1958 errors=1701 current=fastapi/_compat/shared.py
[2026-09-20T21:55:54Z] [iter=1] HEARTBEAT target_type=call_site elapsed_min=44.2 files_done=100 resolved=2003 errors=1732 current=tests/test_datastructures.py
[2026-09-20T21:56:32Z] [iter=1] HEARTBEAT target_type=call_site elapsed_min=44.8 files_done=107 resolved=2033 errors=1757 current=docs_src/query_params_str_validations/tutorial009_an_py310.py
[2026-09-20T21:58:33Z] [iter=1] HEARTBEAT target_type=call_site elapsed_min=46.9 files_done=111 resolved=2042 errors=1839 current=scripts/playwright/query_param_models/image01.py
[2026-09-20T21:59:10Z] [iter=1] HEARTBEAT target_type=call_site elapsed_min=47.5 files_done=119 resolved=2081 errors=1864 current=tests/test_response_model_data_filter.py
[2026-09-20T21:59:41Z] [iter=1] HEARTBEAT target_type=call_site elapsed_min=48.0 files_done=124 resolved=2082 errors=1885 current=tests/test_security_oauth2_optional.py
[2026-09-20T22:00:52Z] [iter=1] HEARTBEAT target_type=call_site elapsed_min=49.2 files_done=131 resolved=2089 errors=1933 current=docs_src/security/tutorial003_py310.py
[2026-09-20T22:01:47Z] [iter=1] HEARTBEAT target_type=call_site elapsed_min=50.1 files_done=133 resolved=2093 errors=1970 current=fastapi/openapi/utils.py
[2026-09-20T22:02:49Z] [iter=1] HEARTBEAT target_type=call_site elapsed_min=51.1 files_done=134 resolved=2173 errors=2012 current=tests/test_request_params/test_header/test_required_str.py
[2026-09-20T22:03:20Z] [iter=1] HEARTBEAT target_type=call_site elapsed_min=51.7 files_done=135 resolved=2176 errors=2033 current=tests/test_tutorial/test_extra_models/test_tutorial004.py
[2026-09-20T22:04:32Z] [iter=1] HEARTBEAT target_type=call_site elapsed_min=52.9 files_done=138 resolved=2181 errors=2082 current=tests/test_tutorial/test_response_model/test_tutorial003_05.py
[2026-09-20T22:05:24Z] [iter=1] HEARTBEAT target_type=call_site elapsed_min=53.7 files_done=143 resolved=2187 errors=2117 current=tests/test_security_api_key_header_optional.py
[2026-09-20T22:05:58Z] [iter=1] HEARTBEAT target_type=call_site elapsed_min=54.3 files_done=149 resolved=2195 errors=2140 current=tests/test_tutorial/test_behind_a_proxy/test_tutorial001_01.py
[2026-09-20T22:06:50Z] [iter=1] HEARTBEAT target_type=call_site elapsed_min=55.1 files_done=154 resolved=2250 errors=2172 current=tests/test_tutorial/test_security/test_tutorial004.py
[2026-09-20T22:07:38Z] [iter=1] HEARTBEAT target_type=call_site elapsed_min=56.0 files_done=158 resolved=2252 errors=2205 current=tests/test_tutorial/test_response_model/test_tutorial004.py
[2026-09-20T22:08:27Z] [iter=1] HEARTBEAT target_type=call_site elapsed_min=56.8 files_done=163 resolved=2258 errors=2238 current=tests/test_param_class.py
[2026-09-20T22:09:29Z] [iter=1] HEARTBEAT target_type=call_site elapsed_min=57.8 files_done=167 resolved=2267 errors=2280 current=tests/test_additional_properties.py
[2026-09-20T22:10:00Z] [iter=1] HEARTBEAT target_type=call_site elapsed_min=58.3 files_done=175 resolved=2292 errors=2301 current=tests/test_response_model_data_filter_no_inheritance.py
[2026-09-20T22:10:47Z] [iter=1] HEARTBEAT target_type=call_site elapsed_min=59.1 files_done=180 resolved=2298 errors=2333 current=tests/test_tutorial/test_generate_clients/test_tutorial002.py
[2026-09-20T22:11:30Z] [iter=1] HEARTBEAT target_type=call_site elapsed_min=59.8 files_done=184 resolved=2304 errors=2362 current=tests/test_dependency_after_yield_streaming.py
[2026-09-20T22:12:04Z] [iter=1] HEARTBEAT target_type=call_site elapsed_min=60.4 files_done=189 resolved=2310 errors=2385 current=docs_src/query_params_str_validations/tutorial005_an_py310.py
[2026-09-20T22:12:38Z] [iter=1] HEARTBEAT target_type=call_site elapsed_min=61.0 files_done=196 resolved=2314 errors=2408 current=docs_src/custom_request_and_route/tutorial003_py310.py
[2026-09-20T22:13:22Z] [iter=1] HEARTBEAT target_type=call_site elapsed_min=61.7 files_done=201 resolved=2411 errors=2438 current=docs_src/body_fields/tutorial001_py310.py
[2026-09-20T22:14:10Z] [iter=1] HEARTBEAT target_type=call_site elapsed_min=62.5 files_done=207 resolved=2424 errors=2470 current=tests/test_tutorial/test_query_params_str_validations/test_tutorial006c.py
[2026-09-20T22:16:00Z] [iter=1] HEARTBEAT target_type=call_site elapsed_min=64.3 files_done=213 resolved=2458 errors=2545 current=tests/test_tutorial/test_path_params/test_tutorial002.py
[2026-09-20T22:17:13Z] [iter=1] HEARTBEAT target_type=call_site elapsed_min=65.5 files_done=220 resolved=2467 errors=2594 current=tests/test_tutorial/test_dependencies/test_tutorial001_tutorial001_02.py
[2026-09-20T22:17:52Z] [iter=1] HEARTBEAT target_type=call_site elapsed_min=66.2 files_done=222 resolved=2468 errors=2621 current=tests/test_tutorial/test_conditional_openapi/test_tutorial001.py
[2026-09-20T22:18:33Z] [iter=1] HEARTBEAT target_type=call_site elapsed_min=66.9 files_done=231 resolved=2476 errors=2648 current=docs_src/middleware/tutorial001_py310.py
[2026-09-20T22:19:49Z] [iter=1] HEARTBEAT target_type=call_site elapsed_min=68.1 files_done=237 resolved=2528 errors=2700 current=tests/test_tutorial/test_body_multiple_params/test_tutorial004.py
[2026-09-20T22:20:40Z] [iter=1] HEARTBEAT target_type=call_site elapsed_min=69.0 files_done=243 resolved=2585 errors=2734 current=tests/test_security_api_key_query.py
[2026-09-20T22:21:46Z] [iter=1] HEARTBEAT target_type=call_site elapsed_min=70.1 files_done=247 resolved=2589 errors=2779 current=scripts/tests/test_translation_fixer/conftest.py
[2026-09-20T22:22:29Z] [iter=1] HEARTBEAT target_type=call_site elapsed_min=70.8 files_done=256 resolved=2611 errors=2808 current=docs_src/websockets_/tutorial003_py310.py
[2026-09-20T22:23:03Z] [iter=1] HEARTBEAT target_type=call_site elapsed_min=71.4 files_done=261 resolved=2617 errors=2831 current=tests/test_tutorial/test_security/test_tutorial003.py
[2026-09-20T22:23:47Z] [iter=1] HEARTBEAT target_type=call_site elapsed_min=72.1 files_done=263 resolved=2630 errors=2861 current=tests/test_strict_content_type_nested.py
[2026-09-20T22:24:21Z] [iter=1] HEARTBEAT target_type=call_site elapsed_min=72.7 files_done=268 resolved=2659 errors=2884 current=tests/test_tutorial/test_body_multiple_params/test_tutorial005.py
[2026-09-20T22:25:16Z] [iter=1] HEARTBEAT target_type=call_site elapsed_min=73.6 files_done=271 resolved=2705 errors=2921 current=docs_src/app_testing/app_b_py310/test_main.py
[2026-09-20T22:25:50Z] [iter=1] HEARTBEAT target_type=call_site elapsed_min=74.1 files_done=279 resolved=2708 errors=2944 current=docs_src/path_operation_advanced_configuration/tutorial007_py310.py
[2026-09-20T22:26:24Z] [iter=1] HEARTBEAT target_type=call_site elapsed_min=74.7 files_done=285 resolved=2717 errors=2967 current=tests/test_tutorial/test_authentication_error_status_code/test_tutorial001.py
[2026-09-20T22:26:59Z] [iter=1] HEARTBEAT target_type=call_site elapsed_min=75.3 files_done=293 resolved=2723 errors=2991 current=docs_src/dependencies/tutorial004_py310.py
[2026-09-20T22:27:39Z] [iter=1] HEARTBEAT target_type=call_site elapsed_min=76.0 files_done=297 resolved=2730 errors=3018 current=scripts/playwright/separate_openapi_schemas/image05.py
[2026-09-20T22:28:22Z] [iter=1] HEARTBEAT target_type=call_site elapsed_min=76.7 files_done=303 resolved=2735 errors=3047 current=tests/test_repeated_dependency_schema.py
[2026-09-20T22:28:56Z] [iter=1] HEARTBEAT target_type=call_site elapsed_min=77.2 files_done=309 resolved=2747 errors=3070 current=tests/test_tutorial/test_body_multiple_params/test_tutorial003.py
[2026-09-20T22:29:27Z] [iter=1] HEARTBEAT target_type=call_site elapsed_min=77.8 files_done=318 resolved=2766 errors=3091 current=tests/test_stream_cancellation.py
[2026-09-20T22:30:07Z] [iter=1] HEARTBEAT target_type=call_site elapsed_min=78.4 files_done=324 resolved=2777 errors=3118 current=tests/test_tutorial/test_dataclasses/test_tutorial002.py
[2026-09-20T22:30:39Z] [iter=1] HEARTBEAT target_type=call_site elapsed_min=79.0 files_done=331 resolved=2821 errors=3138 current=docs_src/response_model/tutorial003_01_py310.py
[2026-09-20T22:31:10Z] [iter=1] HEARTBEAT target_type=call_site elapsed_min=79.5 files_done=339 resolved=2831 errors=3159 current=docs_src/background_tasks/tutorial002_an_py310.py
[2026-09-20T22:31:40Z] [iter=1] HEARTBEAT target_type=call_site elapsed_min=80.0 files_done=347 resolved=2847 errors=3179 current=tests/test_tutorial/test_debugging/test_tutorial001.py
[2026-09-20T22:32:29Z] [iter=1] HEARTBEAT target_type=call_site elapsed_min=80.8 files_done=357 resolved=2870 errors=3212 current=fastapi/encoders.py
[2026-09-20T22:33:06Z] [iter=1] HEARTBEAT target_type=call_site elapsed_min=81.4 files_done=366 resolved=2967 errors=3236 current=tests/test_tutorial/test_background_tasks/test_tutorial001.py
[2026-09-20T22:33:39Z] [iter=1] HEARTBEAT target_type=call_site elapsed_min=82.0 files_done=373 resolved=2975 errors=3258 current=docs_src/query_params_str_validations/tutorial007_py310.py
[2026-09-20T22:34:38Z] [iter=1] HEARTBEAT target_type=call_site elapsed_min=82.9 files_done=376 resolved=2985 errors=3298 current=tests/test_tutorial/test_header_params/test_tutorial003.py
[2026-09-20T22:35:09Z] [iter=1] HEARTBEAT target_type=call_site elapsed_min=83.5 files_done=387 resolved=3001 errors=3319 current=tests/test_tutorial/test_custom_request_and_route/test_tutorial002.py
[2026-09-20T22:35:47Z] [iter=1] HEARTBEAT target_type=call_site elapsed_min=84.1 files_done=395 resolved=3049 errors=3344 current=tests/test_tutorial/test_server_sent_events/test_tutorial004.py
[2026-09-20T22:36:19Z] [iter=1] HEARTBEAT target_type=call_site elapsed_min=84.6 files_done=407 resolved=3063 errors=3365 current=docs_src/schema_extra_example/tutorial003_an_py310.py
[2026-09-20T22:36:49Z] [iter=1] HEARTBEAT target_type=call_site elapsed_min=85.1 files_done=412 resolved=3072 errors=3385 current=docs_src/query_params_str_validations/tutorial003_an_py310.py
[2026-09-20T22:37:26Z] [iter=1] HEARTBEAT target_type=call_site elapsed_min=85.7 files_done=414 resolved=3075 errors=3410 current=docs_src/dependencies/tutorial010_py310.py
[2026-09-20T22:37:58Z] [iter=1] HEARTBEAT target_type=call_site elapsed_min=86.3 files_done=419 resolved=3076 errors=3432 current=scripts/tests/test_translation_fixer/test_code_blocks/test_code_blocks_number_mismatch.py
[2026-09-20T22:38:30Z] [iter=1] HEARTBEAT target_type=call_site elapsed_min=86.8 files_done=425 resolved=3091 errors=3453 current=docs_src/query_params_str_validations/tutorial005_py310.py
[2026-09-20T22:39:05Z] [iter=1] HEARTBEAT target_type=call_site elapsed_min=87.4 files_done=435 resolved=3112 errors=3477 current=tests/test_dependency_contextvars.py
[2026-09-20T22:39:40Z] [iter=1] HEARTBEAT target_type=call_site elapsed_min=88.0 files_done=442 resolved=3116 errors=3500 current=docs_src/query_params_str_validations/tutorial015_an_py310.py
[2026-09-20T22:40:18Z] [iter=1] HEARTBEAT target_type=call_site elapsed_min=88.6 files_done=449 resolved=3129 errors=3526 current=tests/test_tutorial/test_websockets/test_tutorial003.py
[2026-09-20T22:40:56Z] [iter=1] HEARTBEAT target_type=call_site elapsed_min=89.3 files_done=457 resolved=3147 errors=3552 current=tests/test_security_http_digest_optional.py
[2026-09-20T22:41:34Z] [iter=1] HEARTBEAT target_type=call_site elapsed_min=89.9 files_done=464 resolved=3154 errors=3578 current=fastapi/sse.py
[2026-09-20T22:42:27Z] [iter=1] HEARTBEAT target_type=call_site elapsed_min=90.8 files_done=472 resolved=3194 errors=3614 current=tests/test_tutorial/test_additional_responses/test_tutorial003.py
[2026-09-20T22:43:05Z] [iter=1] HEARTBEAT target_type=call_site elapsed_min=91.4 files_done=484 resolved=3209 errors=3639 current=tests/test_orjson_response_class.py
[2026-09-20T22:43:36Z] [iter=1] HEARTBEAT target_type=call_site elapsed_min=91.9 files_done=488 resolved=3213 errors=3660 current=tests/test_tutorial/test_body/test_tutorial002.py
[2026-09-20T22:44:13Z] [iter=1] HEARTBEAT target_type=call_site elapsed_min=92.5 files_done=494 resolved=3219 errors=3685 current=docs_src/custom_request_and_route/tutorial002_an_py310.py
[2026-09-20T22:44:35Z] [iter=1] CHECKPOINT TRIGGERED elapsed_min=92.9 files_completed=500 new_files_this_iter=500 mem_mb=1052 MB
[2026-09-20T22:44:35Z] [iter=1] Writing partial enrichment graph path=/home/runner/work/forx/forx/storage/aggregate/lsp/ca5f60ee72f35fb2134d8b5d26bbb75965bcff66.nq.gz triples=52065
[2026-09-20T22:44:36Z] [iter=1] Checkpoint written, exiting with code 7
[2026-09-20T22:44:36Z] [iter=1] PHASE END: enrich (checkpointed) elapsed_s=5574 elapsed_min=92.9 files_completed=500
